
> code-ride@0.0.1 build
> nest build

node.exe : [96msrc/a
pi/auth/auth.service.
ts[0m:[93m27[0m:[
93m5[0m - 
[91merror[0m[90m 
TS2322: [0mType 
'string | undefined' 
is not assignable to 
type 'string'.
At C:\Program Files\n
odejs\npm.ps1:29 
char:3
+   & $NODE_EXE 
$NPM_CLI_JS $args
+   ~~~~~~~~~~~~~~~~~
~~~~~~~~~~~~
    + CategoryInfo   
           : NotSpe  
  cified: ([96msr   
 c/api/au... type    
 'string'.:Strin    
g) [], RemoteExc    
eption
    + FullyQualified 
   ErrorId : Native  
  CommandError
 
  Type 'undefined' 
is not assignable to 
type 'string'.

[7m27[0m     
this.jwtSecret = this
.configService.get('J
WT_SECRET');
[7m  [0m [91m    
~~~~~~~~~~~~~~[0m
[96msrc/api/controll
ers/health.controller
.ts[0m:[93m26[0m:
[93m52[0m - 
[91merror[0m[90m 
TS2339: [0mProperty 
'status' does not 
exist on type '{ 
status: string; 
message: any; } | { 
status: string; 
message: any; } | 
MemoryUsage'.
  Property 'status' 
does not exist on 
type 'MemoryUsage'.

[7m26[0m       
(check) => typeof 
check === 'object' ? 
check.status === 
'ok' : true
[7m  [0m [91m     
                     
                     
    ~~~~~~[0m
[96msrc/infrastructu
re/external-services/
paystack.service.ts[
0m:[93m12[0m:[93m5
[0m - 
[91merror[0m[90m 
TS2322: [0mType 
'string | undefined' 
is not assignable to 
type 'string'.
  Type 'undefined' 
is not assignable to 
type 'string'.

[7m12[0m     
this.secretKey = this
.configService.get('P
AYSTACK_SECRET_KEY');
[7m  [0m [91m    
~~~~~~~~~~~~~~[0m
[96msrc/infrastructu
re/persistence/prisma
/prisma.service.ts[0
m:[93m20[0m:[93m14
[0m - 
[91merror[0m[90m 
TS2345: [0mArgument 
of type '"query"' is 
not assignable to 
parameter of type 
'never'.

[7m20[0m     
this.$on('query', 
(e) => {
[7m  [0m [91m     
        ~~~~~~~[0m
[96msrc/infrastructu
re/persistence/prisma
/prisma.service.ts[0
m:[93m22[0m:[93m39
[0m - 
[91merror[0m[90m 
TS2339: [0mProperty 
'query' does not 
exist on type 
'never'.

[7m22[0m         th
is.logger.debug(`Quer
y: ${e.query} - 
Duration: 
${e.duration}ms`);
[7m  [0m [91m     
                     
            ~~~~~[0m
[96msrc/infrastructu
re/persistence/prisma
/prisma.service.ts[0
m:[93m22[0m:[93m62
[0m - 
[91merror[0m[90m 
TS2339: [0mProperty 
'duration' does not 
exist on type 
'never'.

[7m22[0m         th
is.logger.debug(`Quer
y: ${e.query} - 
Duration: 
${e.duration}ms`);
[7m  [0m [91m     
                     
                     
              
~~~~~~~~[0m
[96msrc/infrastructu
re/persistence/prisma
/prisma.service.ts[0
m:[93m26[0m:[93m14
[0m - 
[91merror[0m[90m 
TS2345: [0mArgument 
of type '"error"' is 
not assignable to 
parameter of type 
'never'.

[7m26[0m     
this.$on('error', 
(e) => {
[7m  [0m [91m     
        ~~~~~~~[0m
[96msrc/infrastructu
re/persistence/prisma
/prisma.service.ts[0
m:[93m45[0m:[93m14
[0m - 
[91merror[0m[90m 
TS2345: [0mArgument 
of type 
'"beforeExit"' is 
not assignable to 
parameter of type 
'never'.

[7m45[0m     this.$
on('beforeExit', 
async () => {
[7m  [0m [91m     
        
~~~~~~~~~~~~[0m
[96msrc/shared/decor
ators/pagination.deco
rator.ts[0m:[93m1[
0m:[93m73[0m - 
[91merror[0m[90m 
TS1127: [0mInvalid 
character.

[7m1[0m import { cr
eateParamDecorator, 
ExecutionContext } 
from '@nestjs/common'
;\nimport { 
PaginationParams } 
from '../interfaces/a
pi-response.interface
';\n\nexport const 
Pagination = createPa
ramDecorator(\n  
(data: unknown, ctx: 
ExecutionContext): 
PaginationParams => 
{\n    const request 
= ctx.switchToHttp().
getRequest();\n    
const { page = 1, 
limit = 10, sortBy, 
sortOrder = 'desc' } 
= request.query;\n\n 
   return {\n      
page: Math.max(1, 
parseInt(page as 
string, 10)),\n      
limit: Math.min(100, 
Math.max(1, 
parseInt(limit as 
string, 10))),\n     
 sortBy: sortBy as 
string,\n      
sortOrder: sortOrder 
as 'asc' | 'desc',\n 
   };\n  
},\n);\n\nexport 
function createPagina
tedResponse<T>(\n  
data: T[],\n  total: 
number,\n  page: 
number,\n  limit: 
number,\n) {\n  
return {\n    
data,\n    
pagination: {\n      
page,\n      
limit,\n      
total,\n      
totalPages: 
Math.ceil(total / 
limit),\n    },\n  
};\n}\n
[7m [0m [91m      
                     
                     
                     
   [0m
[96msrc/shared/decor
ators/pagination.deco
rator.ts[0m:[93m1[
0m:[93m74[0m - 
[91merror[0m[90m 
TS1435: [0mUnknown 
keyword or 
identifier. Did you 
mean 'import'?

[7m1[0m import { cr
eateParamDecorator, 
ExecutionContext } 
from '@nestjs/common'
;\nimport { 
PaginationParams } 
from '../interfaces/a
pi-response.interface
';\n\nexport const 
Pagination = createPa
ramDecorator(\n  
(data: unknown, ctx: 
ExecutionContext): 
PaginationParams => 
{\n    const request 
= ctx.switchToHttp().
getRequest();\n    
const { page = 1, 
limit = 10, sortBy, 
sortOrder = 'desc' } 
= request.query;\n\n 
   return {\n      
page: Math.max(1, 
parseInt(page as 
string, 10)),\n      
limit: Math.min(100, 
Math.max(1, 
parseInt(limit as 
string, 10))),\n     
 sortBy: sortBy as 
string,\n      
sortOrder: sortOrder 
as 'asc' | 'desc',\n 
   };\n  
},\n);\n\nexport 
function createPagina
tedResponse<T>(\n  
data: T[],\n  total: 
number,\n  page: 
number,\n  limit: 
number,\n) {\n  
return {\n    
data,\n    
pagination: {\n      
page,\n      
limit,\n      
total,\n      
totalPages: 
Math.ceil(total / 
limit),\n    },\n  
};\n}\n
[7m [0m [91m      
                     
                     
                     
    ~~~~~~~[0m
[96msrc/shared/decor
ators/pagination.deco
rator.ts[0m:[93m1[
0m:[93m74[0m - 
[91merror[0m[90m 
TS2304: [0mCannot 
find name 'nimport'.

[7m1[0m import { cr
eateParamDecorator, 
ExecutionContext } 
from '@nestjs/common'
;\nimport { 
PaginationParams } 
from '../interfaces/a
pi-response.interface
';\n\nexport const 
Pagination = createPa
ramDecorator(\n  
(data: unknown, ctx: 
ExecutionContext): 
PaginationParams => 
{\n    const request 
= ctx.switchToHttp().
getRequest();\n    
const { page = 1, 
limit = 10, sortBy, 
sortOrder = 'desc' } 
= request.query;\n\n 
   return {\n      
page: Math.max(1, 
parseInt(page as 
string, 10)),\n      
limit: Math.min(100, 
Math.max(1, 
parseInt(limit as 
string, 10))),\n     
 sortBy: sortBy as 
string,\n      
sortOrder: sortOrder 
as 'asc' | 'desc',\n 
   };\n  
},\n);\n\nexport 
function createPagina
tedResponse<T>(\n  
data: T[],\n  total: 
number,\n  page: 
number,\n  limit: 
number,\n) {\n  
return {\n    
data,\n    
pagination: {\n      
page,\n      
limit,\n      
total,\n      
totalPages: 
Math.ceil(total / 
limit),\n    },\n  
};\n}\n
[7m [0m [91m      
                     
                     
                     
    ~~~~~~~[0m
[96msrc/shared/decor
ators/pagination.deco
rator.ts[0m:[93m1[
0m:[93m84[0m - 
[91merror[0m[90m 
TS2304: [0mCannot 
find name 
'PaginationParams'.

[7m1[0m import { cr
eateParamDecorator, 
ExecutionContext } 
from '@nestjs/common'
;\nimport { 
PaginationParams } 
from '../interfaces/a
pi-response.interface
';\n\nexport const 
Pagination = createPa
ramDecorator(\n  
(data: unknown, ctx: 
ExecutionContext): 
PaginationParams => 
{\n    const request 
= ctx.switchToHttp().
getRequest();\n    
const { page = 1, 
limit = 10, sortBy, 
sortOrder = 'desc' } 
= request.query;\n\n 
   return {\n      
page: Math.max(1, 
parseInt(page as 
string, 10)),\n      
limit: Math.min(100, 
Math.max(1, 
parseInt(limit as 
string, 10))),\n     
 sortBy: sortBy as 
string,\n      
sortOrder: sortOrder 
as 'asc' | 'desc',\n 
   };\n  
},\n);\n\nexport 
function createPagina
tedResponse<T>(\n  
data: T[],\n  total: 
number,\n  page: 
number,\n  limit: 
number,\n) {\n  
return {\n    
data,\n    
pagination: {\n      
page,\n      
limit,\n      
total,\n      
totalPages: 
Math.ceil(total / 
limit),\n    },\n  
};\n}\n
[7m [0m [91m      
                     
                     
                     
              
~~~~~~~~~~~~~~~~[0m
[96msrc/shared/decor
ators/pagination.deco
rator.ts[0m:[93m1[
0m:[93m103[0m - 
[91merror[0m[90m 
TS1434: 
[0mUnexpected 
keyword or 
identifier.

[7m1[0m import { cr
eateParamDecorator, 
ExecutionContext } 
from '@nestjs/common'
;\nimport { 
PaginationParams } 
from '../interfaces/a
pi-response.interface
';\n\nexport const 
Pagination = createPa
ramDecorator(\n  
(data: unknown, ctx: 
ExecutionContext): 
PaginationParams => 
{\n    const request 
= ctx.switchToHttp().
getRequest();\n    
const { page = 1, 
limit = 10, sortBy, 
sortOrder = 'desc' } 
= request.query;\n\n 
   return {\n      
page: Math.max(1, 
parseInt(page as 
string, 10)),\n      
limit: Math.min(100, 
Math.max(1, 
parseInt(limit as 
string, 10))),\n     
 sortBy: sortBy as 
string,\n      
sortOrder: sortOrder 
as 'asc' | 'desc',\n 
   };\n  
},\n);\n\nexport 
function createPagina
tedResponse<T>(\n  
data: T[],\n  total: 
number,\n  page: 
number,\n  limit: 
number,\n) {\n  
return {\n    
data,\n    
pagination: {\n      
page,\n      
limit,\n      
total,\n      
totalPages: 
Math.ceil(total / 
limit),\n    },\n  
};\n}\n
[7m [0m [91m      
                     
                     
                     
                     
            ~~~~[0m
[96msrc/shared/decor
ators/pagination.deco
rator.ts[0m:[93m1[
0m:[93m103[0m - 
[91merror[0m[90m 
TS2304: [0mCannot 
find name 'from'.

[7m1[0m import { cr
eateParamDecorator, 
ExecutionContext } 
from '@nestjs/common'
;\nimport { 
PaginationParams } 
from '../interfaces/a
pi-response.interface
';\n\nexport const 
Pagination = createPa
ramDecorator(\n  
(data: unknown, ctx: 
ExecutionContext): 
PaginationParams => 
{\n    const request 
= ctx.switchToHttp().
getRequest();\n    
const { page = 1, 
limit = 10, sortBy, 
sortOrder = 'desc' } 
= request.query;\n\n 
   return {\n      
page: Math.max(1, 
parseInt(page as 
string, 10)),\n      
limit: Math.min(100, 
Math.max(1, 
parseInt(limit as 
string, 10))),\n     
 sortBy: sortBy as 
string,\n      
sortOrder: sortOrder 
as 'asc' | 'desc',\n 
   };\n  
},\n);\n\nexport 
function createPagina
tedResponse<T>(\n  
data: T[],\n  total: 
number,\n  page: 
number,\n  limit: 
number,\n) {\n  
return {\n    
data,\n    
pagination: {\n      
page,\n      
limit,\n      
total,\n      
totalPages: 
Math.ceil(total / 
limit),\n    },\n  
};\n}\n
[7m [0m [91m      
                     
                     
                     
                     
            ~~~~[0m
[96msrc/shared/decor
ators/pagination.deco
rator.ts[0m:[93m1[
0m:[93m147[0m - 
[91merror[0m[90m 
TS1127: [0mInvalid 
character.

[7m1[0m import { cr
eateParamDecorator, 
ExecutionContext } 
from '@nestjs/common'
;\nimport { 
PaginationParams } 
from '../interfaces/a
pi-response.interface
';\n\nexport const 
Pagination = createPa
ramDecorator(\n  
(data: unknown, ctx: 
ExecutionContext): 
PaginationParams => 
{\n    const request 
= ctx.switchToHttp().
getRequest();\n    
const { page = 1, 
limit = 10, sortBy, 
sortOrder = 'desc' } 
= request.query;\n\n 
   return {\n      
page: Math.max(1, 
parseInt(page as 
string, 10)),\n      
limit: Math.min(100, 
Math.max(1, 
parseInt(limit as 
string, 10))),\n     
 sortBy: sortBy as 
string,\n      
sortOrder: sortOrder 
as 'asc' | 'desc',\n 
   };\n  
},\n);\n\nexport 
function createPagina
tedResponse<T>(\n  
data: T[],\n  total: 
number,\n  page: 
number,\n  limit: 
number,\n) {\n  
return {\n    
data,\n    
pagination: {\n      
page,\n      
limit,\n      
total,\n      
totalPages: 
Math.ceil(total / 
limit),\n    },\n  
};\n}\n
[7m [0m [91m      
                     
                     
                     
                     
                     
                     
              [0m
[96msrc/shared/decor
ators/pagination.deco
rator.ts[0m:[93m1[
0m:[93m148[0m - 
[91merror[0m[90m 
TS2304: [0mCannot 
find name 'n'.

[7m1[0m import { cr
eateParamDecorator, 
ExecutionContext } 
from '@nestjs/common'
;\nimport { 
PaginationParams } 
from '../interfaces/a
pi-response.interface
';\n\nexport const 
Pagination = createPa
ramDecorator(\n  
(data: unknown, ctx: 
ExecutionContext): 
PaginationParams => 
{\n    const request 
= ctx.switchToHttp().
getRequest();\n    
const { page = 1, 
limit = 10, sortBy, 
sortOrder = 'desc' } 
= request.query;\n\n 
   return {\n      
page: Math.max(1, 
parseInt(page as 
string, 10)),\n      
limit: Math.min(100, 
Math.max(1, 
parseInt(limit as 
string, 10))),\n     
 sortBy: sortBy as 
string,\n      
sortOrder: sortOrder 
as 'asc' | 'desc',\n 
   };\n  
},\n);\n\nexport 
function createPagina
tedResponse<T>(\n  
data: T[],\n  total: 
number,\n  page: 
number,\n  limit: 
number,\n) {\n  
return {\n    
data,\n    
pagination: {\n      
page,\n      
limit,\n      
total,\n      
totalPages: 
Math.ceil(total / 
limit),\n    },\n  
};\n}\n
[7m [0m [91m      
                     
                     
                     
                     
                     
                     
               ~[0m
[96msrc/shared/decor
ators/pagination.deco
rator.ts[0m:[93m1[
0m:[93m149[0m - 
[91merror[0m[90m 
TS1127: [0mInvalid 
character.

[7m1[0m import { cr
eateParamDecorator, 
ExecutionContext } 
from '@nestjs/common'
;\nimport { 
PaginationParams } 
from '../interfaces/a
pi-response.interface
';\n\nexport const 
Pagination = createPa
ramDecorator(\n  
(data: unknown, ctx: 
ExecutionContext): 
PaginationParams => 
{\n    const request 
= ctx.switchToHttp().
getRequest();\n    
const { page = 1, 
limit = 10, sortBy, 
sortOrder = 'desc' } 
= request.query;\n\n 
   return {\n      
page: Math.max(1, 
parseInt(page as 
string, 10)),\n      
limit: Math.min(100, 
Math.max(1, 
parseInt(limit as 
string, 10))),\n     
 sortBy: sortBy as 
string,\n      
sortOrder: sortOrder 
as 'asc' | 'desc',\n 
   };\n  
},\n);\n\nexport 
function createPagina
tedResponse<T>(\n  
data: T[],\n  total: 
number,\n  page: 
number,\n  limit: 
number,\n) {\n  
return {\n    
data,\n    
pagination: {\n      
page,\n      
limit,\n      
total,\n      
totalPages: 
Math.ceil(total / 
limit),\n    },\n  
};\n}\n
[7m [0m [91m      
                     
                     
                     
                     
                     
                     
                [0m
[96msrc/shared/decor
ators/pagination.deco
rator.ts[0m:[93m1[
0m:[93m150[0m - 
[91merror[0m[90m 
TS1435: [0mUnknown 
keyword or 
identifier. Did you 
mean 'export'?

[7m1[0m import { cr
eateParamDecorator, 
ExecutionContext } 
from '@nestjs/common'
;\nimport { 
PaginationParams } 
from '../interfaces/a
pi-response.interface
';\n\nexport const 
Pagination = createPa
ramDecorator(\n  
(data: unknown, ctx: 
ExecutionContext): 
PaginationParams => 
{\n    const request 
= ctx.switchToHttp().
getRequest();\n    
const { page = 1, 
limit = 10, sortBy, 
sortOrder = 'desc' } 
= request.query;\n\n 
   return {\n      
page: Math.max(1, 
parseInt(page as 
string, 10)),\n      
limit: Math.min(100, 
Math.max(1, 
parseInt(limit as 
string, 10))),\n     
 sortBy: sortBy as 
string,\n      
sortOrder: sortOrder 
as 'asc' | 'desc',\n 
   };\n  
},\n);\n\nexport 
function createPagina
tedResponse<T>(\n  
data: T[],\n  total: 
number,\n  page: 
number,\n  limit: 
number,\n) {\n  
return {\n    
data,\n    
pagination: {\n      
page,\n      
limit,\n      
total,\n      
totalPages: 
Math.ceil(total / 
limit),\n    },\n  
};\n}\n
[7m [0m [91m      
                     
                     
                     
                     
                     
                     
                 
~~~~~~~[0m
[96msrc/shared/decor
ators/pagination.deco
rator.ts[0m:[93m1[
0m:[93m150[0m - 
[91merror[0m[90m 
TS2552: [0mCannot 
find name 'nexport'. 
Did you mean 
'exports'?

[7m1[0m import { cr
eateParamDecorator, 
ExecutionContext } 
from '@nestjs/common'
;\nimport { 
PaginationParams } 
from '../interfaces/a
pi-response.interface
';\n\nexport const 
Pagination = createPa
ramDecorator(\n  
(data: unknown, ctx: 
ExecutionContext): 
PaginationParams => 
{\n    const request 
= ctx.switchToHttp().
getRequest();\n    
const { page = 1, 
limit = 10, sortBy, 
sortOrder = 'desc' } 
= request.query;\n\n 
   return {\n      
page: Math.max(1, 
parseInt(page as 
string, 10)),\n      
limit: Math.min(100, 
Math.max(1, 
parseInt(limit as 
string, 10))),\n     
 sortBy: sortBy as 
string,\n      
sortOrder: sortOrder 
as 'asc' | 'desc',\n 
   };\n  
},\n);\n\nexport 
function createPagina
tedResponse<T>(\n  
data: T[],\n  total: 
number,\n  page: 
number,\n  limit: 
number,\n) {\n  
return {\n    
data,\n    
pagination: {\n      
page,\n      
limit,\n      
total,\n      
totalPages: 
Math.ceil(total / 
limit),\n    },\n  
};\n}\n
[7m [0m [91m      
                     
                     
                     
                     
                     
                     
                 
~~~~~~~[0m

  [96mnode_modules/@
types/node/module.d.t
s[0m:[93m868[0m:[
93m13[0m
    [7m868[0m      
   var exports: NodeJ
S.Module["exports"];
    [7m   [0m 
[96m            
~~~~~~~[0m
    'exports' is 
declared here.
[96msrc/shared/decor
ators/pagination.deco
rator.ts[0m:[93m1[
0m:[93m198[0m - 
[91merror[0m[90m 
TS1127: [0mInvalid 
character.

[7m1[0m import { cr
eateParamDecorator, 
ExecutionContext } 
from '@nestjs/common'
;\nimport { 
PaginationParams } 
from '../interfaces/a
pi-response.interface
';\n\nexport const 
Pagination = createPa
ramDecorator(\n  
(data: unknown, ctx: 
ExecutionContext): 
PaginationParams => 
{\n    const request 
= ctx.switchToHttp().
getRequest();\n    
const { page = 1, 
limit = 10, sortBy, 
sortOrder = 'desc' } 
= request.query;\n\n 
   return {\n      
page: Math.max(1, 
parseInt(page as 
string, 10)),\n      
limit: Math.min(100, 
Math.max(1, 
parseInt(limit as 
string, 10))),\n     
 sortBy: sortBy as 
string,\n      
sortOrder: sortOrder 
as 'asc' | 'desc',\n 
   };\n  
},\n);\n\nexport 
function createPagina
tedResponse<T>(\n  
data: T[],\n  total: 
number,\n  page: 
number,\n  limit: 
number,\n) {\n  
return {\n    
data,\n    
pagination: {\n      
page,\n      
limit,\n      
total,\n      
totalPages: 
Math.ceil(total / 
limit),\n    },\n  
};\n}\n
[7m [0m [91m      
                     
                     
                     
                     
                     
                     
                     
                     
                     
  [0m
[96msrc/shared/decor
ators/pagination.deco
rator.ts[0m:[93m1[
0m:[93m199[0m - 
[91merror[0m[90m 
TS2304: [0mCannot 
find name 'n'.

[7m1[0m import { cr
eateParamDecorator, 
ExecutionContext } 
from '@nestjs/common'
;\nimport { 
PaginationParams } 
from '../interfaces/a
pi-response.interface
';\n\nexport const 
Pagination = createPa
ramDecorator(\n  
(data: unknown, ctx: 
ExecutionContext): 
PaginationParams => 
{\n    const request 
= ctx.switchToHttp().
getRequest();\n    
const { page = 1, 
limit = 10, sortBy, 
sortOrder = 'desc' } 
= request.query;\n\n 
   return {\n      
page: Math.max(1, 
parseInt(page as 
string, 10)),\n      
limit: Math.min(100, 
Math.max(1, 
parseInt(limit as 
string, 10))),\n     
 sortBy: sortBy as 
string,\n      
sortOrder: sortOrder 
as 'asc' | 'desc',\n 
   };\n  
},\n);\n\nexport 
function createPagina
tedResponse<T>(\n  
data: T[],\n  total: 
number,\n  page: 
number,\n  limit: 
number,\n) {\n  
return {\n    
data,\n    
pagination: {\n      
page,\n      
limit,\n      
total,\n      
totalPages: 
Math.ceil(total / 
limit),\n    },\n  
};\n}\n
[7m [0m [91m      
                     
                     
                     
                     
                     
                     
                     
                     
                     
   ~[0m
[96msrc/shared/decor
ators/pagination.deco
rator.ts[0m:[93m1[
0m:[93m203[0m - 
[91merror[0m[90m 
TS2304: [0mCannot 
find name 'data'.

[7m1[0m import { cr
eateParamDecorator, 
ExecutionContext } 
from '@nestjs/common'
;\nimport { 
PaginationParams } 
from '../interfaces/a
pi-response.interface
';\n\nexport const 
Pagination = createPa
ramDecorator(\n  
(data: unknown, ctx: 
ExecutionContext): 
PaginationParams => 
{\n    const request 
= ctx.switchToHttp().
getRequest();\n    
const { page = 1, 
limit = 10, sortBy, 
sortOrder = 'desc' } 
= request.query;\n\n 
   return {\n      
page: Math.max(1, 
parseInt(page as 
string, 10)),\n      
limit: Math.min(100, 
Math.max(1, 
parseInt(limit as 
string, 10))),\n     
 sortBy: sortBy as 
string,\n      
sortOrder: sortOrder 
as 'asc' | 'desc',\n 
   };\n  
},\n);\n\nexport 
function createPagina
tedResponse<T>(\n  
data: T[],\n  total: 
number,\n  page: 
number,\n  limit: 
number,\n) {\n  
return {\n    
data,\n    
pagination: {\n      
page,\n      
limit,\n      
total,\n      
totalPages: 
Math.ceil(total / 
limit),\n    },\n  
};\n}\n
[7m [0m [91m      
                     
                     
                     
                     
                     
                     
                     
                     
                     
       ~~~~[0m
[96msrc/shared/decor
ators/pagination.deco
rator.ts[0m:[93m1[
0m:[93m207[0m - 
[91merror[0m[90m 
TS1005: [0m',' 
expected.

[7m1[0m import { cr
eateParamDecorator, 
ExecutionContext } 
from '@nestjs/common'
;\nimport { 
PaginationParams } 
from '../interfaces/a
pi-response.interface
';\n\nexport const 
Pagination = createPa
ramDecorator(\n  
(data: unknown, ctx: 
ExecutionContext): 
PaginationParams => 
{\n    const request 
= ctx.switchToHttp().
getRequest();\n    
const { page = 1, 
limit = 10, sortBy, 
sortOrder = 'desc' } 
= request.query;\n\n 
   return {\n      
page: Math.max(1, 
parseInt(page as 
string, 10)),\n      
limit: Math.min(100, 
Math.max(1, 
parseInt(limit as 
string, 10))),\n     
 sortBy: sortBy as 
string,\n      
sortOrder: sortOrder 
as 'asc' | 'desc',\n 
   };\n  
},\n);\n\nexport 
function createPagina
tedResponse<T>(\n  
data: T[],\n  total: 
number,\n  page: 
number,\n  limit: 
number,\n) {\n  
return {\n    
data,\n    
pagination: {\n      
page,\n      
limit,\n      
total,\n      
totalPages: 
Math.ceil(total / 
limit),\n    },\n  
};\n}\n
[7m [0m [91m      
                     
                     
                     
                     
                     
                     
                     
                     
                     
           ~[0m
[96msrc/shared/decor
ators/pagination.deco
rator.ts[0m:[93m1[
0m:[93m209[0m - 
[91merror[0m[90m 
TS2693: 
[0m'unknown' only 
refers to a type, 
but is being used as 
a value here.

[7m1[0m import { cr
eateParamDecorator, 
ExecutionContext } 
from '@nestjs/common'
;\nimport { 
PaginationParams } 
from '../interfaces/a
pi-response.interface
';\n\nexport const 
Pagination = createPa
ramDecorator(\n  
(data: unknown, ctx: 
ExecutionContext): 
PaginationParams => 
{\n    const request 
= ctx.switchToHttp().
getRequest();\n    
const { page = 1, 
limit = 10, sortBy, 
sortOrder = 'desc' } 
= request.query;\n\n 
   return {\n      
page: Math.max(1, 
parseInt(page as 
string, 10)),\n      
limit: Math.min(100, 
Math.max(1, 
parseInt(limit as 
string, 10))),\n     
 sortBy: sortBy as 
string,\n      
sortOrder: sortOrder 
as 'asc' | 'desc',\n 
   };\n  
},\n);\n\nexport 
function createPagina
tedResponse<T>(\n  
data: T[],\n  total: 
number,\n  page: 
number,\n  limit: 
number,\n) {\n  
return {\n    
data,\n    
pagination: {\n      
page,\n      
limit,\n      
total,\n      
totalPages: 
Math.ceil(total / 
limit),\n    },\n  
};\n}\n
[7m [0m [91m      
                     
                     
                     
                     
                     
                     
                     
                     
                     
             
~~~~~~~[0m
[96msrc/shared/decor
ators/pagination.deco
rator.ts[0m:[93m1[
0m:[93m218[0m - 
[91merror[0m[90m 
TS2304: [0mCannot 
find name 'ctx'.

[7m1[0m import { cr
eateParamDecorator, 
ExecutionContext } 
from '@nestjs/common'
;\nimport { 
PaginationParams } 
from '../interfaces/a
pi-response.interface
';\n\nexport const 
Pagination = createPa
ramDecorator(\n  
(data: unknown, ctx: 
ExecutionContext): 
PaginationParams => 
{\n    const request 
= ctx.switchToHttp().
getRequest();\n    
const { page = 1, 
limit = 10, sortBy, 
sortOrder = 'desc' } 
= request.query;\n\n 
   return {\n      
page: Math.max(1, 
parseInt(page as 
string, 10)),\n      
limit: Math.min(100, 
Math.max(1, 
parseInt(limit as 
string, 10))),\n     
 sortBy: sortBy as 
string,\n      
sortOrder: sortOrder 
as 'asc' | 'desc',\n 
   };\n  
},\n);\n\nexport 
function createPagina
tedResponse<T>(\n  
data: T[],\n  total: 
number,\n  page: 
number,\n  limit: 
number,\n) {\n  
return {\n    
data,\n    
pagination: {\n      
page,\n      
limit,\n      
total,\n      
totalPages: 
Math.ceil(total / 
limit),\n    },\n  
};\n}\n
[7m [0m [91m      
                     
                     
                     
                     
                     
                     
                     
                     
                     
                     
 ~~~[0m
[96msrc/shared/decor
ators/pagination.deco
rator.ts[0m:[93m1[
0m:[93m221[0m - 
[91merror[0m[90m 
TS1005: [0m',' 
expected.

[7m1[0m import { cr
eateParamDecorator, 
ExecutionContext } 
from '@nestjs/common'
;\nimport { 
PaginationParams } 
from '../interfaces/a
pi-response.interface
';\n\nexport const 
Pagination = createPa
ramDecorator(\n  
(data: unknown, ctx: 
ExecutionContext): 
PaginationParams => 
{\n    const request 
= ctx.switchToHttp().
getRequest();\n    
const { page = 1, 
limit = 10, sortBy, 
sortOrder = 'desc' } 
= request.query;\n\n 
   return {\n      
page: Math.max(1, 
parseInt(page as 
string, 10)),\n      
limit: Math.min(100, 
Math.max(1, 
parseInt(limit as 
string, 10))),\n     
 sortBy: sortBy as 
string,\n      
sortOrder: sortOrder 
as 'asc' | 'desc',\n 
   };\n  
},\n);\n\nexport 
function createPagina
tedResponse<T>(\n  
data: T[],\n  total: 
number,\n  page: 
number,\n  limit: 
number,\n) {\n  
return {\n    
data,\n    
pagination: {\n      
page,\n      
limit,\n      
total,\n      
totalPages: 
Math.ceil(total / 
limit),\n    },\n  
};\n}\n
[7m [0m [91m      
                     
                     
                     
                     
                     
                     
                     
                     
                     
                     
    ~[0m
[96msrc/shared/decor
ators/pagination.deco
rator.ts[0m:[93m1[
0m:[93m223[0m - 
[91merror[0m[90m 
TS2693: [0m'Executio
nContext' only 
refers to a type, 
but is being used as 
a value here.

[7m1[0m import { cr
eateParamDecorator, 
ExecutionContext } 
from '@nestjs/common'
;\nimport { 
PaginationParams } 
from '../interfaces/a
pi-response.interface
';\n\nexport const 
Pagination = createPa
ramDecorator(\n  
(data: unknown, ctx: 
ExecutionContext): 
PaginationParams => 
{\n    const request 
= ctx.switchToHttp().
getRequest();\n    
const { page = 1, 
limit = 10, sortBy, 
sortOrder = 'desc' } 
= request.query;\n\n 
   return {\n      
page: Math.max(1, 
parseInt(page as 
string, 10)),\n      
limit: Math.min(100, 
Math.max(1, 
parseInt(limit as 
string, 10))),\n     
 sortBy: sortBy as 
string,\n      
sortOrder: sortOrder 
as 'asc' | 'desc',\n 
   };\n  
},\n);\n\nexport 
function createPagina
tedResponse<T>(\n  
data: T[],\n  total: 
number,\n  page: 
number,\n  limit: 
number,\n) {\n  
return {\n    
data,\n    
pagination: {\n      
page,\n      
limit,\n      
total,\n      
totalPages: 
Math.ceil(total / 
limit),\n    },\n  
};\n}\n
[7m [0m [91m      
                     
                     
                     
                     
                     
                     
                     
                     
                     
                     
      
~~~~~~~~~~~~~~~~[0m
[96msrc/shared/decor
ators/pagination.deco
rator.ts[0m:[93m1[
0m:[93m240[0m - 
[91merror[0m[90m 
TS1005: [0m',' 
expected.

[7m1[0m import { cr
eateParamDecorator, 
ExecutionContext } 
from '@nestjs/common'
;\nimport { 
PaginationParams } 
from '../interfaces/a
pi-response.interface
';\n\nexport const 
Pagination = createPa
ramDecorator(\n  
(data: unknown, ctx: 
ExecutionContext): 
PaginationParams => 
{\n    const request 
= ctx.switchToHttp().
getRequest();\n    
const { page = 1, 
limit = 10, sortBy, 
sortOrder = 'desc' } 
= request.query;\n\n 
   return {\n      
page: Math.max(1, 
parseInt(page as 
string, 10)),\n      
limit: Math.min(100, 
Math.max(1, 
parseInt(limit as 
string, 10))),\n     
 sortBy: sortBy as 
string,\n      
sortOrder: sortOrder 
as 'asc' | 'desc',\n 
   };\n  
},\n);\n\nexport 
function createPagina
tedResponse<T>(\n  
data: T[],\n  total: 
number,\n  page: 
number,\n  limit: 
number,\n) {\n  
return {\n    
data,\n    
pagination: {\n      
page,\n      
limit,\n      
total,\n      
totalPages: 
Math.ceil(total / 
limit),\n    },\n  
};\n}\n
[7m [0m [91m      
                     
                     
                     
                     
                     
                     
                     
                     
                     
                     
                     
  ~[0m
[96msrc/shared/decor
ators/pagination.deco
rator.ts[0m:[93m1[
0m:[93m263[0m - 
[91merror[0m[90m 
TS1127: [0mInvalid 
character.

[7m1[0m import { cr
eateParamDecorator, 
ExecutionContext } 
from '@nestjs/common'
;\nimport { 
PaginationParams } 
from '../interfaces/a
pi-response.interface
';\n\nexport const 
Pagination = createPa
ramDecorator(\n  
(data: unknown, ctx: 
ExecutionContext): 
PaginationParams => 
{\n    const request 
= ctx.switchToHttp().
getRequest();\n    
const { page = 1, 
limit = 10, sortBy, 
sortOrder = 'desc' } 
= request.query;\n\n 
   return {\n      
page: Math.max(1, 
parseInt(page as 
string, 10)),\n      
limit: Math.min(100, 
Math.max(1, 
parseInt(limit as 
string, 10))),\n     
 sortBy: sortBy as 
string,\n      
sortOrder: sortOrder 
as 'asc' | 'desc',\n 
   };\n  
},\n);\n\nexport 
function createPagina
tedResponse<T>(\n  
data: T[],\n  total: 
number,\n  page: 
number,\n  limit: 
number,\n) {\n  
return {\n    
data,\n    
pagination: {\n      
page,\n      
limit,\n      
total,\n      
totalPages: 
Math.ceil(total / 
limit),\n    },\n  
};\n}\n
[7m [0m [91m      
                     
                     
                     
                     
                     
                     
                     
                     
                     
                     
                     
                     
    [0m
[96msrc/shared/decor
ators/pagination.deco
rator.ts[0m:[93m1[
0m:[93m264[0m - 
[91merror[0m[90m 
TS1434: 
[0mUnexpected 
keyword or 
identifier.

[7m1[0m import { cr
eateParamDecorator, 
ExecutionContext } 
from '@nestjs/common'
;\nimport { 
PaginationParams } 
from '../interfaces/a
pi-response.interface
';\n\nexport const 
Pagination = createPa
ramDecorator(\n  
(data: unknown, ctx: 
ExecutionContext): 
PaginationParams => 
{\n    const request 
= ctx.switchToHttp().
getRequest();\n    
const { page = 1, 
limit = 10, sortBy, 
sortOrder = 'desc' } 
= request.query;\n\n 
   return {\n      
page: Math.max(1, 
parseInt(page as 
string, 10)),\n      
limit: Math.min(100, 
Math.max(1, 
parseInt(limit as 
string, 10))),\n     
 sortBy: sortBy as 
string,\n      
sortOrder: sortOrder 
as 'asc' | 'desc',\n 
   };\n  
},\n);\n\nexport 
function createPagina
tedResponse<T>(\n  
data: T[],\n  total: 
number,\n  page: 
number,\n  limit: 
number,\n) {\n  
return {\n    
data,\n    
pagination: {\n      
page,\n      
limit,\n      
total,\n      
totalPages: 
Math.ceil(total / 
limit),\n    },\n  
};\n}\n
[7m [0m [91m      
                     
                     
                     
                     
                     
                     
                     
                     
                     
                     
                     
                     
     ~[0m
[96msrc/shared/decor
ators/pagination.deco
rator.ts[0m:[93m1[
0m:[93m264[0m - 
[91merror[0m[90m 
TS2304: [0mCannot 
find name 'n'.

[7m1[0m import { cr
eateParamDecorator, 
ExecutionContext } 
from '@nestjs/common'
;\nimport { 
PaginationParams } 
from '../interfaces/a
pi-response.interface
';\n\nexport const 
Pagination = createPa
ramDecorator(\n  
(data: unknown, ctx: 
ExecutionContext): 
PaginationParams => 
{\n    const request 
= ctx.switchToHttp().
getRequest();\n    
const { page = 1, 
limit = 10, sortBy, 
sortOrder = 'desc' } 
= request.query;\n\n 
   return {\n      
page: Math.max(1, 
parseInt(page as 
string, 10)),\n      
limit: Math.min(100, 
Math.max(1, 
parseInt(limit as 
string, 10))),\n     
 sortBy: sortBy as 
string,\n      
sortOrder: sortOrder 
as 'asc' | 'desc',\n 
   };\n  
},\n);\n\nexport 
function createPagina
tedResponse<T>(\n  
data: T[],\n  total: 
number,\n  page: 
number,\n  limit: 
number,\n) {\n  
return {\n    
data,\n    
pagination: {\n      
page,\n      
limit,\n      
total,\n      
totalPages: 
Math.ceil(total / 
limit),\n    },\n  
};\n}\n
[7m [0m [91m      
                     
                     
                     
                     
                     
                     
                     
                     
                     
                     
                     
                     
     ~[0m
[96msrc/shared/decor
ators/pagination.deco
rator.ts[0m:[93m1[
0m:[93m285[0m - 
[91merror[0m[90m 
TS2304: [0mCannot 
find name 'ctx'.

[7m1[0m import { cr
eateParamDecorator, 
ExecutionContext } 
from '@nestjs/common'
;\nimport { 
PaginationParams } 
from '../interfaces/a
pi-response.interface
';\n\nexport const 
Pagination = createPa
ramDecorator(\n  
(data: unknown, ctx: 
ExecutionContext): 
PaginationParams => 
{\n    const request 
= ctx.switchToHttp().
getRequest();\n    
const { page = 1, 
limit = 10, sortBy, 
sortOrder = 'desc' } 
= request.query;\n\n 
   return {\n      
page: Math.max(1, 
parseInt(page as 
string, 10)),\n      
limit: Math.min(100, 
Math.max(1, 
parseInt(limit as 
string, 10))),\n     
 sortBy: sortBy as 
string,\n      
sortOrder: sortOrder 
as 'asc' | 'desc',\n 
   };\n  
},\n);\n\nexport 
function createPagina
tedResponse<T>(\n  
data: T[],\n  total: 
number,\n  page: 
number,\n  limit: 
number,\n) {\n  
return {\n    
data,\n    
pagination: {\n      
page,\n      
limit,\n      
total,\n      
totalPages: 
Math.ceil(total / 
limit),\n    },\n  
};\n}\n
[7m [0m [91m      
                     
                     
                     
                     
                     
                     
                     
                     
                     
                     
                     
                     
                     
     ~~~[0m
[96msrc/shared/decor
ators/pagination.deco
rator.ts[0m:[93m1[
0m:[93m317[0m - 
[91merror[0m[90m 
TS1127: [0mInvalid 
character.

[7m1[0m import { cr
eateParamDecorator, 
ExecutionContext } 
from '@nestjs/common'
;\nimport { 
PaginationParams } 
from '../interfaces/a
pi-response.interface
';\n\nexport const 
Pagination = createPa
ramDecorator(\n  
(data: unknown, ctx: 
ExecutionContext): 
PaginationParams => 
{\n    const request 
= ctx.switchToHttp().
getRequest();\n    
const { page = 1, 
limit = 10, sortBy, 
sortOrder = 'desc' } 
= request.query;\n\n 
   return {\n      
page: Math.max(1, 
parseInt(page as 
string, 10)),\n      
limit: Math.min(100, 
Math.max(1, 
parseInt(limit as 
string, 10))),\n     
 sortBy: sortBy as 
string,\n      
sortOrder: sortOrder 
as 'asc' | 'desc',\n 
   };\n  
},\n);\n\nexport 
function createPagina
tedResponse<T>(\n  
data: T[],\n  total: 
number,\n  page: 
number,\n  limit: 
number,\n) {\n  
return {\n    
data,\n    
pagination: {\n      
page,\n      
limit,\n      
total,\n      
totalPages: 
Math.ceil(total / 
limit),\n    },\n  
};\n}\n
[7m [0m [91m      
                     
                     
                     
                     
                     
                     
                     
                     
                     
                     
                     
                     
                     
                     
                [0m
[96msrc/shared/decor
ators/pagination.deco
rator.ts[0m:[93m1[
0m:[93m318[0m - 
[91merror[0m[90m 
TS1434: 
[0mUnexpected 
keyword or 
identifier.

[7m1[0m import { cr
eateParamDecorator, 
ExecutionContext } 
from '@nestjs/common'
;\nimport { 
PaginationParams } 
from '../interfaces/a
pi-response.interface
';\n\nexport const 
Pagination = createPa
ramDecorator(\n  
(data: unknown, ctx: 
ExecutionContext): 
PaginationParams => 
{\n    const request 
= ctx.switchToHttp().
getRequest();\n    
const { page = 1, 
limit = 10, sortBy, 
sortOrder = 'desc' } 
= request.query;\n\n 
   return {\n      
page: Math.max(1, 
parseInt(page as 
string, 10)),\n      
limit: Math.min(100, 
Math.max(1, 
parseInt(limit as 
string, 10))),\n     
 sortBy: sortBy as 
string,\n      
sortOrder: sortOrder 
as 'asc' | 'desc',\n 
   };\n  
},\n);\n\nexport 
function createPagina
tedResponse<T>(\n  
data: T[],\n  total: 
number,\n  page: 
number,\n  limit: 
number,\n) {\n  
return {\n    
data,\n    
pagination: {\n      
page,\n      
limit,\n      
total,\n      
totalPages: 
Math.ceil(total / 
limit),\n    },\n  
};\n}\n
[7m [0m [91m      
                     
                     
                     
                     
                     
                     
                     
                     
                     
                     
                     
                     
                     
                     
                 
~[0m
[96msrc/shared/decor
ators/pagination.deco
rator.ts[0m:[93m1[
0m:[93m318[0m - 
[91merror[0m[90m 
TS2304: [0mCannot 
find name 'n'.

[7m1[0m import { cr
eateParamDecorator, 
ExecutionContext } 
from '@nestjs/common'
;\nimport { 
PaginationParams } 
from '../interfaces/a
pi-response.interface
';\n\nexport const 
Pagination = createPa
ramDecorator(\n  
(data: unknown, ctx: 
ExecutionContext): 
PaginationParams => 
{\n    const request 
= ctx.switchToHttp().
getRequest();\n    
const { page = 1, 
limit = 10, sortBy, 
sortOrder = 'desc' } 
= request.query;\n\n 
   return {\n      
page: Math.max(1, 
parseInt(page as 
string, 10)),\n      
limit: Math.min(100, 
Math.max(1, 
parseInt(limit as 
string, 10))),\n     
 sortBy: sortBy as 
string,\n      
sortOrder: sortOrder 
as 'asc' | 'desc',\n 
   };\n  
},\n);\n\nexport 
function createPagina
tedResponse<T>(\n  
data: T[],\n  total: 
number,\n  page: 
number,\n  limit: 
number,\n) {\n  
return {\n    
data,\n    
pagination: {\n      
page,\n      
limit,\n      
total,\n      
totalPages: 
Math.ceil(total / 
limit),\n    },\n  
};\n}\n
[7m [0m [91m      
                     
                     
                     
                     
                     
                     
                     
                     
                     
                     
                     
                     
                     
                     
                 
~[0m
[96msrc/shared/decor
ators/pagination.deco
rator.ts[0m:[93m1[
0m:[93m398[0m - 
[91merror[0m[90m 
TS1127: [0mInvalid 
character.

[7m1[0m import { cr
eateParamDecorator, 
ExecutionContext } 
from '@nestjs/common'
;\nimport { 
PaginationParams } 
from '../interfaces/a
pi-response.interface
';\n\nexport const 
Pagination = createPa
ramDecorator(\n  
(data: unknown, ctx: 
ExecutionContext): 
PaginationParams => 
{\n    const request 
= ctx.switchToHttp().
getRequest();\n    
const { page = 1, 
limit = 10, sortBy, 
sortOrder = 'desc' } 
= request.query;\n\n 
   return {\n      
page: Math.max(1, 
parseInt(page as 
string, 10)),\n      
limit: Math.min(100, 
Math.max(1, 
parseInt(limit as 
string, 10))),\n     
 sortBy: sortBy as 
string,\n      
sortOrder: sortOrder 
as 'asc' | 'desc',\n 
   };\n  
},\n);\n\nexport 
function createPagina
tedResponse<T>(\n  
data: T[],\n  total: 
number,\n  page: 
number,\n  limit: 
number,\n) {\n  
return {\n    
data,\n    
pagination: {\n      
page,\n      
limit,\n      
total,\n      
totalPages: 
Math.ceil(total / 
limit),\n    },\n  
};\n}\n
[7m [0m [91m      
                     
                     
                     
                     
                     
                     
                     
                     
                     
                     
                     
                     
                     
                     
                     
                     
                     
                     
             [0m
[96msrc/shared/decor
ators/pagination.deco
rator.ts[0m:[93m1[
0m:[93m399[0m - 
[91merror[0m[90m 
TS2304: [0mCannot 
find name 'n'.

[7m1[0m import { cr
eateParamDecorator, 
ExecutionContext } 
from '@nestjs/common'
;\nimport { 
PaginationParams } 
from '../interfaces/a
pi-response.interface
';\n\nexport const 
Pagination = createPa
ramDecorator(\n  
(data: unknown, ctx: 
ExecutionContext): 
PaginationParams => 
{\n    const request 
= ctx.switchToHttp().
getRequest();\n    
const { page = 1, 
limit = 10, sortBy, 
sortOrder = 'desc' } 
= request.query;\n\n 
   return {\n      
page: Math.max(1, 
parseInt(page as 
string, 10)),\n      
limit: Math.min(100, 
Math.max(1, 
parseInt(limit as 
string, 10))),\n     
 sortBy: sortBy as 
string,\n      
sortOrder: sortOrder 
as 'asc' | 'desc',\n 
   };\n  
},\n);\n\nexport 
function createPagina
tedResponse<T>(\n  
data: T[],\n  total: 
number,\n  page: 
number,\n  limit: 
number,\n) {\n  
return {\n    
data,\n    
pagination: {\n      
page,\n      
limit,\n      
total,\n      
totalPages: 
Math.ceil(total / 
limit),\n    },\n  
};\n}\n
[7m [0m [91m      
                     
                     
                     
                     
                     
                     
                     
                     
                     
                     
                     
                     
                     
                     
                     
                     
                     
                     
              ~[0m
[96msrc/shared/decor
ators/pagination.deco
rator.ts[0m:[93m1[
0m:[93m400[0m - 
[91merror[0m[90m 
TS1127: [0mInvalid 
character.

[7m1[0m import { cr
eateParamDecorator, 
ExecutionContext } 
from '@nestjs/common'
;\nimport { 
PaginationParams } 
from '../interfaces/a
pi-response.interface
';\n\nexport const 
Pagination = createPa
ramDecorator(\n  
(data: unknown, ctx: 
ExecutionContext): 
PaginationParams => 
{\n    const request 
= ctx.switchToHttp().
getRequest();\n    
const { page = 1, 
limit = 10, sortBy, 
sortOrder = 'desc' } 
= request.query;\n\n 
   return {\n      
page: Math.max(1, 
parseInt(page as 
string, 10)),\n      
limit: Math.min(100, 
Math.max(1, 
parseInt(limit as 
string, 10))),\n     
 sortBy: sortBy as 
string,\n      
sortOrder: sortOrder 
as 'asc' | 'desc',\n 
   };\n  
},\n);\n\nexport 
function createPagina
tedResponse<T>(\n  
data: T[],\n  total: 
number,\n  page: 
number,\n  limit: 
number,\n) {\n  
return {\n    
data,\n    
pagination: {\n      
page,\n      
limit,\n      
total,\n      
totalPages: 
Math.ceil(total / 
limit),\n    },\n  
};\n}\n
[7m [0m [91m      
                     
                     
                     
                     
                     
                     
                     
                     
                     
                     
                     
                     
                     
                     
                     
                     
                     
                     
               [0m
[96msrc/shared/decor
ators/pagination.deco
rator.ts[0m:[93m1[
0m:[93m401[0m - 
[91merror[0m[90m 
TS1434: 
[0mUnexpected 
keyword or 
identifier.

[7m1[0m import { cr
eateParamDecorator, 
ExecutionContext } 
from '@nestjs/common'
;\nimport { 
PaginationParams } 
from '../interfaces/a
pi-response.interface
';\n\nexport const 
Pagination = createPa
ramDecorator(\n  
(data: unknown, ctx: 
ExecutionContext): 
PaginationParams => 
{\n    const request 
= ctx.switchToHttp().
getRequest();\n    
const { page = 1, 
limit = 10, sortBy, 
sortOrder = 'desc' } 
= request.query;\n\n 
   return {\n      
page: Math.max(1, 
parseInt(page as 
string, 10)),\n      
limit: Math.min(100, 
Math.max(1, 
parseInt(limit as 
string, 10))),\n     
 sortBy: sortBy as 
string,\n      
sortOrder: sortOrder 
as 'asc' | 'desc',\n 
   };\n  
},\n);\n\nexport 
function createPagina
tedResponse<T>(\n  
data: T[],\n  total: 
number,\n  page: 
number,\n  limit: 
number,\n) {\n  
return {\n    
data,\n    
pagination: {\n      
page,\n      
limit,\n      
total,\n      
totalPages: 
Math.ceil(total / 
limit),\n    },\n  
};\n}\n
[7m [0m [91m      
                     
                     
                     
                     
                     
                     
                     
                     
                     
                     
                     
                     
                     
                     
                     
                     
                     
                     
                ~[0m
[96msrc/shared/decor
ators/pagination.deco
rator.ts[0m:[93m1[
0m:[93m401[0m - 
[91merror[0m[90m 
TS2304: [0mCannot 
find name 'n'.

[7m1[0m import { cr
eateParamDecorator, 
ExecutionContext } 
from '@nestjs/common'
;\nimport { 
PaginationParams } 
from '../interfaces/a
pi-response.interface
';\n\nexport const 
Pagination = createPa
ramDecorator(\n  
(data: unknown, ctx: 
ExecutionContext): 
PaginationParams => 
{\n    const request 
= ctx.switchToHttp().
getRequest();\n    
const { page = 1, 
limit = 10, sortBy, 
sortOrder = 'desc' } 
= request.query;\n\n 
   return {\n      
page: Math.max(1, 
parseInt(page as 
string, 10)),\n      
limit: Math.min(100, 
Math.max(1, 
parseInt(limit as 
string, 10))),\n     
 sortBy: sortBy as 
string,\n      
sortOrder: sortOrder 
as 'asc' | 'desc',\n 
   };\n  
},\n);\n\nexport 
function createPagina
tedResponse<T>(\n  
data: T[],\n  total: 
number,\n  page: 
number,\n  limit: 
number,\n) {\n  
return {\n    
data,\n    
pagination: {\n      
page,\n      
limit,\n      
total,\n      
totalPages: 
Math.ceil(total / 
limit),\n    },\n  
};\n}\n
[7m [0m [91m      
                     
                     
                     
                     
                     
                     
                     
                     
                     
                     
                     
                     
                     
                     
                     
                     
                     
                     
                ~[0m
[96msrc/shared/decor
ators/pagination.deco
rator.ts[0m:[93m1[
0m:[93m414[0m - 
[91merror[0m[90m 
TS1127: [0mInvalid 
character.

[7m1[0m import { cr
eateParamDecorator, 
ExecutionContext } 
from '@nestjs/common'
;\nimport { 
PaginationParams } 
from '../interfaces/a
pi-response.interface
';\n\nexport const 
Pagination = createPa
ramDecorator(\n  
(data: unknown, ctx: 
ExecutionContext): 
PaginationParams => 
{\n    const request 
= ctx.switchToHttp().
getRequest();\n    
const { page = 1, 
limit = 10, sortBy, 
sortOrder = 'desc' } 
= request.query;\n\n 
   return {\n      
page: Math.max(1, 
parseInt(page as 
string, 10)),\n      
limit: Math.min(100, 
Math.max(1, 
parseInt(limit as 
string, 10))),\n     
 sortBy: sortBy as 
string,\n      
sortOrder: sortOrder 
as 'asc' | 'desc',\n 
   };\n  
},\n);\n\nexport 
function createPagina
tedResponse<T>(\n  
data: T[],\n  total: 
number,\n  page: 
number,\n  limit: 
number,\n) {\n  
return {\n    
data,\n    
pagination: {\n      
page,\n      
limit,\n      
total,\n      
totalPages: 
Math.ceil(total / 
limit),\n    },\n  
};\n}\n
[7m [0m [91m      
                     
                     
                     
                     
                     
                     
                     
                     
                     
                     
                     
                     
                     
                     
                     
                     
                     
                     
                     
        [0m
[96msrc/shared/decor
ators/pagination.deco
rator.ts[0m:[93m1[
0m:[93m415[0m - 
[91merror[0m[90m 
TS18004: [0mNo 
value exists in 
scope for the 
shorthand property 
'n'. Either declare 
one or provide an 
initializer.

[7m1[0m import { cr
eateParamDecorator, 
ExecutionContext } 
from '@nestjs/common'
;\nimport { 
PaginationParams } 
from '../interfaces/a
pi-response.interface
';\n\nexport const 
Pagination = createPa
ramDecorator(\n  
(data: unknown, ctx: 
ExecutionContext): 
PaginationParams => 
{\n    const request 
= ctx.switchToHttp().
getRequest();\n    
const { page = 1, 
limit = 10, sortBy, 
sortOrder = 'desc' } 
= request.query;\n\n 
   return {\n      
page: Math.max(1, 
parseInt(page as 
string, 10)),\n      
limit: Math.min(100, 
Math.max(1, 
parseInt(limit as 
string, 10))),\n     
 sortBy: sortBy as 
string,\n      
sortOrder: sortOrder 
as 'asc' | 'desc',\n 
   };\n  
},\n);\n\nexport 
function createPagina
tedResponse<T>(\n  
data: T[],\n  total: 
number,\n  page: 
number,\n  limit: 
number,\n) {\n  
return {\n    
data,\n    
pagination: {\n      
page,\n      
limit,\n      
total,\n      
totalPages: 
Math.ceil(total / 
limit),\n    },\n  
};\n}\n
[7m [0m [91m      
                     
                     
                     
                     
                     
                     
                     
                     
                     
                     
                     
                     
                     
                     
                     
                     
                     
                     
                     
         ~[0m
[96msrc/shared/decor
ators/pagination.deco
rator.ts[0m:[93m1[
0m:[93m422[0m - 
[91merror[0m[90m 
TS1005: [0m',' 
expected.

[7m1[0m import { cr
eateParamDecorator, 
ExecutionContext } 
from '@nestjs/common'
;\nimport { 
PaginationParams } 
from '../interfaces/a
pi-response.interface
';\n\nexport const 
Pagination = createPa
ramDecorator(\n  
(data: unknown, ctx: 
ExecutionContext): 
PaginationParams => 
{\n    const request 
= ctx.switchToHttp().
getRequest();\n    
const { page = 1, 
limit = 10, sortBy, 
sortOrder = 'desc' } 
= request.query;\n\n 
   return {\n      
page: Math.max(1, 
parseInt(page as 
string, 10)),\n      
limit: Math.min(100, 
Math.max(1, 
parseInt(limit as 
string, 10))),\n     
 sortBy: sortBy as 
string,\n      
sortOrder: sortOrder 
as 'asc' | 'desc',\n 
   };\n  
},\n);\n\nexport 
function createPagina
tedResponse<T>(\n  
data: T[],\n  total: 
number,\n  page: 
number,\n  limit: 
number,\n) {\n  
return {\n    
data,\n    
pagination: {\n      
page,\n      
limit,\n      
total,\n      
totalPages: 
Math.ceil(total / 
limit),\n    },\n  
};\n}\n
[7m [0m [91m      
                     
                     
                     
                     
                     
                     
                     
                     
                     
                     
                     
                     
                     
                     
                     
                     
                     
                     
                     
                
~~~~[0m
[96msrc/shared/decor
ators/pagination.deco
rator.ts[0m:[93m1[
0m:[93m470[0m - 
[91merror[0m[90m 
TS1127: [0mInvalid 
character.

[7m1[0m import { cr
eateParamDecorator, 
ExecutionContext } 
from '@nestjs/common'
;\nimport { 
PaginationParams } 
from '../interfaces/a
pi-response.interface
';\n\nexport const 
Pagination = createPa
ramDecorator(\n  
(data: unknown, ctx: 
ExecutionContext): 
PaginationParams => 
{\n    const request 
= ctx.switchToHttp().
getRequest();\n    
const { page = 1, 
limit = 10, sortBy, 
sortOrder = 'desc' } 
= request.query;\n\n 
   return {\n      
page: Math.max(1, 
parseInt(page as 
string, 10)),\n      
limit: Math.min(100, 
Math.max(1, 
parseInt(limit as 
string, 10))),\n     
 sortBy: sortBy as 
string,\n      
sortOrder: sortOrder 
as 'asc' | 'desc',\n 
   };\n  
},\n);\n\nexport 
function createPagina
tedResponse<T>(\n  
data: T[],\n  total: 
number,\n  page: 
number,\n  limit: 
number,\n) {\n  
return {\n    
data,\n    
pagination: {\n      
page,\n      
limit,\n      
total,\n      
totalPages: 
Math.ceil(total / 
limit),\n    },\n  
};\n}\n
[7m [0m [91m      
                     
                     
                     
                     
                     
                     
                     
                     
                     
                     
                     
                     
                     
                     
                     
                     
                     
                     
                     
                     
                     
                     
 [0m
[96msrc/shared/decor
ators/pagination.deco
rator.ts[0m:[93m1[
0m:[93m471[0m - 
[91merror[0m[90m 
TS18004: [0mNo 
value exists in 
scope for the 
shorthand property 
'n'. Either declare 
one or provide an 
initializer.

[7m1[0m import { cr
eateParamDecorator, 
ExecutionContext } 
from '@nestjs/common'
;\nimport { 
PaginationParams } 
from '../interfaces/a
pi-response.interface
';\n\nexport const 
Pagination = createPa
ramDecorator(\n  
(data: unknown, ctx: 
ExecutionContext): 
PaginationParams => 
{\n    const request 
= ctx.switchToHttp().
getRequest();\n    
const { page = 1, 
limit = 10, sortBy, 
sortOrder = 'desc' } 
= request.query;\n\n 
   return {\n      
page: Math.max(1, 
parseInt(page as 
string, 10)),\n      
limit: Math.min(100, 
Math.max(1, 
parseInt(limit as 
string, 10))),\n     
 sortBy: sortBy as 
string,\n      
sortOrder: sortOrder 
as 'asc' | 'desc',\n 
   };\n  
},\n);\n\nexport 
function createPagina
tedResponse<T>(\n  
data: T[],\n  total: 
number,\n  page: 
number,\n  limit: 
number,\n) {\n  
return {\n    
data,\n    
pagination: {\n      
page,\n      
limit,\n      
total,\n      
totalPages: 
Math.ceil(total / 
limit),\n    },\n  
};\n}\n
[7m [0m [91m      
                     
                     
                     
                     
                     
                     
                     
                     
                     
                     
                     
                     
                     
                     
                     
                     
                     
                     
                     
                     
                     
                     
  ~[0m
[96msrc/shared/decor
ators/pagination.deco
rator.ts[0m:[93m1[
0m:[93m478[0m - 
[91merror[0m[90m 
TS1005: [0m',' 
expected.

[7m1[0m import { cr
eateParamDecorator, 
ExecutionContext } 
from '@nestjs/common'
;\nimport { 
PaginationParams } 
from '../interfaces/a
pi-response.interface
';\n\nexport const 
Pagination = createPa
ramDecorator(\n  
(data: unknown, ctx: 
ExecutionContext): 
PaginationParams => 
{\n    const request 
= ctx.switchToHttp().
getRequest();\n    
const { page = 1, 
limit = 10, sortBy, 
sortOrder = 'desc' } 
= request.query;\n\n 
   return {\n      
page: Math.max(1, 
parseInt(page as 
string, 10)),\n      
limit: Math.min(100, 
Math.max(1, 
parseInt(limit as 
string, 10))),\n     
 sortBy: sortBy as 
string,\n      
sortOrder: sortOrder 
as 'asc' | 'desc',\n 
   };\n  
},\n);\n\nexport 
function createPagina
tedResponse<T>(\n  
data: T[],\n  total: 
number,\n  page: 
number,\n  limit: 
number,\n) {\n  
return {\n    
data,\n    
pagination: {\n      
page,\n      
limit,\n      
total,\n      
totalPages: 
Math.ceil(total / 
limit),\n    },\n  
};\n}\n
[7m [0m [91m      
                     
                     
                     
                     
                     
                     
                     
                     
                     
                     
                     
                     
                     
                     
                     
                     
                     
                     
                     
                     
                     
                     
         ~~~~~[0m
[96msrc/shared/decor
ators/pagination.deco
rator.ts[0m:[93m1[
0m:[93m543[0m - 
[91merror[0m[90m 
TS1127: [0mInvalid 
character.

[7m1[0m import { cr
eateParamDecorator, 
ExecutionContext } 
from '@nestjs/common'
;\nimport { 
PaginationParams } 
from '../interfaces/a
pi-response.interface
';\n\nexport const 
Pagination = createPa
ramDecorator(\n  
(data: unknown, ctx: 
ExecutionContext): 
PaginationParams => 
{\n    const request 
= ctx.switchToHttp().
getRequest();\n    
const { page = 1, 
limit = 10, sortBy, 
sortOrder = 'desc' } 
= request.query;\n\n 
   return {\n      
page: Math.max(1, 
parseInt(page as 
string, 10)),\n      
limit: Math.min(100, 
Math.max(1, 
parseInt(limit as 
string, 10))),\n     
 sortBy: sortBy as 
string,\n      
sortOrder: sortOrder 
as 'asc' | 'desc',\n 
   };\n  
},\n);\n\nexport 
function createPagina
tedResponse<T>(\n  
data: T[],\n  total: 
number,\n  page: 
number,\n  limit: 
number,\n) {\n  
return {\n    
data,\n    
pagination: {\n      
page,\n      
limit,\n      
total,\n      
totalPages: 
Math.ceil(total / 
limit),\n    },\n  
};\n}\n
[7m [0m [91m      
                     
                     
                     
                     
                     
                     
                     
                     
                     
                     
                     
                     
                     
                     
                     
                     
                     
                     
                     
                     
                     
                     
                     
                     
                     
           [0m
[96msrc/shared/decor
ators/pagination.deco
rator.ts[0m:[93m1[
0m:[93m544[0m - 
[91merror[0m[90m 
TS18004: [0mNo 
value exists in 
scope for the 
shorthand property 
'n'. Either declare 
one or provide an 
initializer.

[7m1[0m import { cr
eateParamDecorator, 
ExecutionContext } 
from '@nestjs/common'
;\nimport { 
PaginationParams } 
from '../interfaces/a
pi-response.interface
';\n\nexport const 
Pagination = createPa
ramDecorator(\n  
(data: unknown, ctx: 
ExecutionContext): 
PaginationParams => 
{\n    const request 
= ctx.switchToHttp().
getRequest();\n    
const { page = 1, 
limit = 10, sortBy, 
sortOrder = 'desc' } 
= request.query;\n\n 
   return {\n      
page: Math.max(1, 
parseInt(page as 
string, 10)),\n      
limit: Math.min(100, 
Math.max(1, 
parseInt(limit as 
string, 10))),\n     
 sortBy: sortBy as 
string,\n      
sortOrder: sortOrder 
as 'asc' | 'desc',\n 
   };\n  
},\n);\n\nexport 
function createPagina
tedResponse<T>(\n  
data: T[],\n  total: 
number,\n  page: 
number,\n  limit: 
number,\n) {\n  
return {\n    
data,\n    
pagination: {\n      
page,\n      
limit,\n      
total,\n      
totalPages: 
Math.ceil(total / 
limit),\n    },\n  
};\n}\n
[7m [0m [91m      
                     
                     
                     
                     
                     
                     
                     
                     
                     
                     
                     
                     
                     
                     
                     
                     
                     
                     
                     
                     
                     
                     
                     
                     
                     
            ~[0m
[96msrc/shared/decor
ators/pagination.deco
rator.ts[0m:[93m1[
0m:[93m551[0m - 
[91merror[0m[90m 
TS1005: [0m',' 
expected.

[7m1[0m import { cr
eateParamDecorator, 
ExecutionContext } 
from '@nestjs/common'
;\nimport { 
PaginationParams } 
from '../interfaces/a
pi-response.interface
';\n\nexport const 
Pagination = createPa
ramDecorator(\n  
(data: unknown, ctx: 
ExecutionContext): 
PaginationParams => 
{\n    const request 
= ctx.switchToHttp().
getRequest();\n    
const { page = 1, 
limit = 10, sortBy, 
sortOrder = 'desc' } 
= request.query;\n\n 
   return {\n      
page: Math.max(1, 
parseInt(page as 
string, 10)),\n      
limit: Math.min(100, 
Math.max(1, 
parseInt(limit as 
string, 10))),\n     
 sortBy: sortBy as 
string,\n      
sortOrder: sortOrder 
as 'asc' | 'desc',\n 
   };\n  
},\n);\n\nexport 
function createPagina
tedResponse<T>(\n  
data: T[],\n  total: 
number,\n  page: 
number,\n  limit: 
number,\n) {\n  
return {\n    
data,\n    
pagination: {\n      
page,\n      
limit,\n      
total,\n      
totalPages: 
Math.ceil(total / 
limit),\n    },\n  
};\n}\n
[7m [0m [91m      
                     
                     
                     
                     
                     
                     
                     
                     
                     
                     
                     
                     
                     
                     
                     
                     
                     
                     
                     
                     
                     
                     
                     
                     
                     
                   
~~~~~~[0m
[96msrc/shared/decor
ators/pagination.deco
rator.ts[0m:[93m1[
0m:[93m576[0m - 
[91merror[0m[90m 
TS1127: [0mInvalid 
character.

[7m1[0m import { cr
eateParamDecorator, 
ExecutionContext } 
from '@nestjs/common'
;\nimport { 
PaginationParams } 
from '../interfaces/a
pi-response.interface
';\n\nexport const 
Pagination = createPa
ramDecorator(\n  
(data: unknown, ctx: 
ExecutionContext): 
PaginationParams => 
{\n    const request 
= ctx.switchToHttp().
getRequest();\n    
const { page = 1, 
limit = 10, sortBy, 
sortOrder = 'desc' } 
= request.query;\n\n 
   return {\n      
page: Math.max(1, 
parseInt(page as 
string, 10)),\n      
limit: Math.min(100, 
Math.max(1, 
parseInt(limit as 
string, 10))),\n     
 sortBy: sortBy as 
string,\n      
sortOrder: sortOrder 
as 'asc' | 'desc',\n 
   };\n  
},\n);\n\nexport 
function createPagina
tedResponse<T>(\n  
data: T[],\n  total: 
number,\n  page: 
number,\n  limit: 
number,\n) {\n  
return {\n    
data,\n    
pagination: {\n      
page,\n      
limit,\n      
total,\n      
totalPages: 
Math.ceil(total / 
limit),\n    },\n  
};\n}\n
[7m [0m [91m      
                     
                     
                     
                     
                     
                     
                     
                     
                     
                     
                     
                     
                     
                     
                     
                     
                     
                     
                     
                     
                     
                     
                     
                     
                     
                     
                     
  [0m
[96msrc/shared/decor
ators/pagination.deco
rator.ts[0m:[93m1[
0m:[93m577[0m - 
[91merror[0m[90m 
TS18004: [0mNo 
value exists in 
scope for the 
shorthand property 
'n'. Either declare 
one or provide an 
initializer.

[7m1[0m import { cr
eateParamDecorator, 
ExecutionContext } 
from '@nestjs/common'
;\nimport { 
PaginationParams } 
from '../interfaces/a
pi-response.interface
';\n\nexport const 
Pagination = createPa
ramDecorator(\n  
(data: unknown, ctx: 
ExecutionContext): 
PaginationParams => 
{\n    const request 
= ctx.switchToHttp().
getRequest();\n    
const { page = 1, 
limit = 10, sortBy, 
sortOrder = 'desc' } 
= request.query;\n\n 
   return {\n      
page: Math.max(1, 
parseInt(page as 
string, 10)),\n      
limit: Math.min(100, 
Math.max(1, 
parseInt(limit as 
string, 10))),\n     
 sortBy: sortBy as 
string,\n      
sortOrder: sortOrder 
as 'asc' | 'desc',\n 
   };\n  
},\n);\n\nexport 
function createPagina
tedResponse<T>(\n  
data: T[],\n  total: 
number,\n  page: 
number,\n  limit: 
number,\n) {\n  
return {\n    
data,\n    
pagination: {\n      
page,\n      
limit,\n      
total,\n      
totalPages: 
Math.ceil(total / 
limit),\n    },\n  
};\n}\n
[7m [0m [91m      
                     
                     
                     
                     
                     
                     
                     
                     
                     
                     
                     
                     
                     
                     
                     
                     
                     
                     
                     
                     
                     
                     
                     
                     
                     
                     
                     
   ~[0m
[96msrc/shared/decor
ators/pagination.deco
rator.ts[0m:[93m1[
0m:[93m584[0m - 
[91merror[0m[90m 
TS1005: [0m',' 
expected.

[7m1[0m import { cr
eateParamDecorator, 
ExecutionContext } 
from '@nestjs/common'
;\nimport { 
PaginationParams } 
from '../interfaces/a
pi-response.interface
';\n\nexport const 
Pagination = createPa
ramDecorator(\n  
(data: unknown, ctx: 
ExecutionContext): 
PaginationParams => 
{\n    const request 
= ctx.switchToHttp().
getRequest();\n    
const { page = 1, 
limit = 10, sortBy, 
sortOrder = 'desc' } 
= request.query;\n\n 
   return {\n      
page: Math.max(1, 
parseInt(page as 
string, 10)),\n      
limit: Math.min(100, 
Math.max(1, 
parseInt(limit as 
string, 10))),\n     
 sortBy: sortBy as 
string,\n      
sortOrder: sortOrder 
as 'asc' | 'desc',\n 
   };\n  
},\n);\n\nexport 
function createPagina
tedResponse<T>(\n  
data: T[],\n  total: 
number,\n  page: 
number,\n  limit: 
number,\n) {\n  
return {\n    
data,\n    
pagination: {\n      
page,\n      
limit,\n      
total,\n      
totalPages: 
Math.ceil(total / 
limit),\n    },\n  
};\n}\n
[7m [0m [91m      
                     
                     
                     
                     
                     
                     
                     
                     
                     
                     
                     
                     
                     
                     
                     
                     
                     
                     
                     
                     
                     
                     
                     
                     
                     
                     
                     
          
~~~~~~~~~[0m
[96msrc/shared/decor
ators/pagination.deco
rator.ts[0m:[93m1[
0m:[93m623[0m - 
[91merror[0m[90m 
TS1127: [0mInvalid 
character.

[7m1[0m import { cr
eateParamDecorator, 
ExecutionContext } 
from '@nestjs/common'
;\nimport { 
PaginationParams } 
from '../interfaces/a
pi-response.interface
';\n\nexport const 
Pagination = createPa
ramDecorator(\n  
(data: unknown, ctx: 
ExecutionContext): 
PaginationParams => 
{\n    const request 
= ctx.switchToHttp().
getRequest();\n    
const { page = 1, 
limit = 10, sortBy, 
sortOrder = 'desc' } 
= request.query;\n\n 
   return {\n      
page: Math.max(1, 
parseInt(page as 
string, 10)),\n      
limit: Math.min(100, 
Math.max(1, 
parseInt(limit as 
string, 10))),\n     
 sortBy: sortBy as 
string,\n      
sortOrder: sortOrder 
as 'asc' | 'desc',\n 
   };\n  
},\n);\n\nexport 
function createPagina
tedResponse<T>(\n  
data: T[],\n  total: 
number,\n  page: 
number,\n  limit: 
number,\n) {\n  
return {\n    
data,\n    
pagination: {\n      
page,\n      
limit,\n      
total,\n      
totalPages: 
Math.ceil(total / 
limit),\n    },\n  
};\n}\n
[7m [0m [91m      
                     
                     
                     
                     
                     
                     
                     
                     
                     
                     
                     
                     
                     
                     
                     
                     
                     
                     
                     
                     
                     
                     
                     
                     
                     
                     
                     
                     
                     
       [0m
[96msrc/shared/decor
ators/pagination.deco
rator.ts[0m:[93m1[
0m:[93m624[0m - 
[91merror[0m[90m 
TS18004: [0mNo 
value exists in 
scope for the 
shorthand property 
'n'. Either declare 
one or provide an 
initializer.

[7m1[0m import { cr
eateParamDecorator, 
ExecutionContext } 
from '@nestjs/common'
;\nimport { 
PaginationParams } 
from '../interfaces/a
pi-response.interface
';\n\nexport const 
Pagination = createPa
ramDecorator(\n  
(data: unknown, ctx: 
ExecutionContext): 
PaginationParams => 
{\n    const request 
= ctx.switchToHttp().
getRequest();\n    
const { page = 1, 
limit = 10, sortBy, 
sortOrder = 'desc' } 
= request.query;\n\n 
   return {\n      
page: Math.max(1, 
parseInt(page as 
string, 10)),\n      
limit: Math.min(100, 
Math.max(1, 
parseInt(limit as 
string, 10))),\n     
 sortBy: sortBy as 
string,\n      
sortOrder: sortOrder 
as 'asc' | 'desc',\n 
   };\n  
},\n);\n\nexport 
function createPagina
tedResponse<T>(\n  
data: T[],\n  total: 
number,\n  page: 
number,\n  limit: 
number,\n) {\n  
return {\n    
data,\n    
pagination: {\n      
page,\n      
limit,\n      
total,\n      
totalPages: 
Math.ceil(total / 
limit),\n    },\n  
};\n}\n
[7m [0m [91m      
                     
                     
                     
                     
                     
                     
                     
                     
                     
                     
                     
                     
                     
                     
                     
                     
                     
                     
                     
                     
                     
                     
                     
                     
                     
                     
                     
                     
                     
        ~[0m
[96msrc/shared/decor
ators/pagination.deco
rator.ts[0m:[93m1[
0m:[93m631[0m - 
[91merror[0m[90m 
TS1127: [0mInvalid 
character.

[7m1[0m import { cr
eateParamDecorator, 
ExecutionContext } 
from '@nestjs/common'
;\nimport { 
PaginationParams } 
from '../interfaces/a
pi-response.interface
';\n\nexport const 
Pagination = createPa
ramDecorator(\n  
(data: unknown, ctx: 
ExecutionContext): 
PaginationParams => 
{\n    const request 
= ctx.switchToHttp().
getRequest();\n    
const { page = 1, 
limit = 10, sortBy, 
sortOrder = 'desc' } 
= request.query;\n\n 
   return {\n      
page: Math.max(1, 
parseInt(page as 
string, 10)),\n      
limit: Math.min(100, 
Math.max(1, 
parseInt(limit as 
string, 10))),\n     
 sortBy: sortBy as 
string,\n      
sortOrder: sortOrder 
as 'asc' | 'desc',\n 
   };\n  
},\n);\n\nexport 
function createPagina
tedResponse<T>(\n  
data: T[],\n  total: 
number,\n  page: 
number,\n  limit: 
number,\n) {\n  
return {\n    
data,\n    
pagination: {\n      
page,\n      
limit,\n      
total,\n      
totalPages: 
Math.ceil(total / 
limit),\n    },\n  
};\n}\n
[7m [0m [91m      
                     
                     
                     
                     
                     
                     
                     
                     
                     
                     
                     
                     
                     
                     
                     
                     
                     
                     
                     
                     
                     
                     
                     
                     
                     
                     
                     
                     
                     
               [0m
[96msrc/shared/decor
ators/pagination.deco
rator.ts[0m:[93m1[
0m:[93m632[0m - 
[91merror[0m[90m 
TS2304: [0mCannot 
find name 'n'.

[7m1[0m import { cr
eateParamDecorator, 
ExecutionContext } 
from '@nestjs/common'
;\nimport { 
PaginationParams } 
from '../interfaces/a
pi-response.interface
';\n\nexport const 
Pagination = createPa
ramDecorator(\n  
(data: unknown, ctx: 
ExecutionContext): 
PaginationParams => 
{\n    const request 
= ctx.switchToHttp().
getRequest();\n    
const { page = 1, 
limit = 10, sortBy, 
sortOrder = 'desc' } 
= request.query;\n\n 
   return {\n      
page: Math.max(1, 
parseInt(page as 
string, 10)),\n      
limit: Math.min(100, 
Math.max(1, 
parseInt(limit as 
string, 10))),\n     
 sortBy: sortBy as 
string,\n      
sortOrder: sortOrder 
as 'asc' | 'desc',\n 
   };\n  
},\n);\n\nexport 
function createPagina
tedResponse<T>(\n  
data: T[],\n  total: 
number,\n  page: 
number,\n  limit: 
number,\n) {\n  
return {\n    
data,\n    
pagination: {\n      
page,\n      
limit,\n      
total,\n      
totalPages: 
Math.ceil(total / 
limit),\n    },\n  
};\n}\n
[7m [0m [91m      
                     
                     
                     
                     
                     
                     
                     
                     
                     
                     
                     
                     
                     
                     
                     
                     
                     
                     
                     
                     
                     
                     
                     
                     
                     
                     
                     
                     
                     
                ~[0m
[96msrc/shared/decor
ators/pagination.deco
rator.ts[0m:[93m1[
0m:[93m637[0m - 
[91merror[0m[90m 
TS1127: [0mInvalid 
character.

[7m1[0m import { cr
eateParamDecorator, 
ExecutionContext } 
from '@nestjs/common'
;\nimport { 
PaginationParams } 
from '../interfaces/a
pi-response.interface
';\n\nexport const 
Pagination = createPa
ramDecorator(\n  
(data: unknown, ctx: 
ExecutionContext): 
PaginationParams => 
{\n    const request 
= ctx.switchToHttp().
getRequest();\n    
const { page = 1, 
limit = 10, sortBy, 
sortOrder = 'desc' } 
= request.query;\n\n 
   return {\n      
page: Math.max(1, 
parseInt(page as 
string, 10)),\n      
limit: Math.min(100, 
Math.max(1, 
parseInt(limit as 
string, 10))),\n     
 sortBy: sortBy as 
string,\n      
sortOrder: sortOrder 
as 'asc' | 'desc',\n 
   };\n  
},\n);\n\nexport 
function createPagina
tedResponse<T>(\n  
data: T[],\n  total: 
number,\n  page: 
number,\n  limit: 
number,\n) {\n  
return {\n    
data,\n    
pagination: {\n      
page,\n      
limit,\n      
total,\n      
totalPages: 
Math.ceil(total / 
limit),\n    },\n  
};\n}\n
[7m [0m [91m      
                     
                     
                     
                     
                     
                     
                     
                     
                     
                     
                     
                     
                     
                     
                     
                     
                     
                     
                     
                     
                     
                     
                     
                     
                     
                     
                     
                     
                     
                     
[0m
[96msrc/shared/decor
ators/pagination.deco
rator.ts[0m:[93m1[
0m:[93m638[0m - 
[91merror[0m[90m 
TS2304: [0mCannot 
find name 'n'.

[7m1[0m import { cr
eateParamDecorator, 
ExecutionContext } 
from '@nestjs/common'
;\nimport { 
PaginationParams } 
from '../interfaces/a
pi-response.interface
';\n\nexport const 
Pagination = createPa
ramDecorator(\n  
(data: unknown, ctx: 
ExecutionContext): 
PaginationParams => 
{\n    const request 
= ctx.switchToHttp().
getRequest();\n    
const { page = 1, 
limit = 10, sortBy, 
sortOrder = 'desc' } 
= request.query;\n\n 
   return {\n      
page: Math.max(1, 
parseInt(page as 
string, 10)),\n      
limit: Math.min(100, 
Math.max(1, 
parseInt(limit as 
string, 10))),\n     
 sortBy: sortBy as 
string,\n      
sortOrder: sortOrder 
as 'asc' | 'desc',\n 
   };\n  
},\n);\n\nexport 
function createPagina
tedResponse<T>(\n  
data: T[],\n  total: 
number,\n  page: 
number,\n  limit: 
number,\n) {\n  
return {\n    
data,\n    
pagination: {\n      
page,\n      
limit,\n      
total,\n      
totalPages: 
Math.ceil(total / 
limit),\n    },\n  
};\n}\n
[7m [0m [91m      
                     
                     
                     
                     
                     
                     
                     
                     
                     
                     
                     
                     
                     
                     
                     
                     
                     
                     
                     
                     
                     
                     
                     
                     
                     
                     
                     
                     
                     
                     
 ~[0m
[96msrc/shared/decor
ators/pagination.deco
rator.ts[0m:[93m1[
0m:[93m638[0m - 
[91merror[0m[90m 
TS2554: [0mExpected 
1-2 arguments, but 
got 3.

[7m1[0m import { cr
eateParamDecorator, 
ExecutionContext } 
from '@nestjs/common'
;\nimport { 
PaginationParams } 
from '../interfaces/a
pi-response.interface
';\n\nexport const 
Pagination = createPa
ramDecorator(\n  
(data: unknown, ctx: 
ExecutionContext): 
PaginationParams => 
{\n    const request 
= ctx.switchToHttp().
getRequest();\n    
const { page = 1, 
limit = 10, sortBy, 
sortOrder = 'desc' } 
= request.query;\n\n 
   return {\n      
page: Math.max(1, 
parseInt(page as 
string, 10)),\n      
limit: Math.min(100, 
Math.max(1, 
parseInt(limit as 
string, 10))),\n     
 sortBy: sortBy as 
string,\n      
sortOrder: sortOrder 
as 'asc' | 'desc',\n 
   };\n  
},\n);\n\nexport 
function createPagina
tedResponse<T>(\n  
data: T[],\n  total: 
number,\n  page: 
number,\n  limit: 
number,\n) {\n  
return {\n    
data,\n    
pagination: {\n      
page,\n      
limit,\n      
total,\n      
totalPages: 
Math.ceil(total / 
limit),\n    },\n  
};\n}\n
[7m [0m [91m      
                     
                     
                     
                     
                     
                     
                     
                     
                     
                     
                     
                     
                     
                     
                     
                     
                     
                     
                     
                     
                     
                     
                     
                     
                     
                     
                     
                     
                     
                     
 ~[0m
[96msrc/shared/decor
ators/pagination.deco
rator.ts[0m:[93m1[
0m:[93m641[0m - 
[91merror[0m[90m 
TS1127: [0mInvalid 
character.

[7m1[0m import { cr
eateParamDecorator, 
ExecutionContext } 
from '@nestjs/common'
;\nimport { 
PaginationParams } 
from '../interfaces/a
pi-response.interface
';\n\nexport const 
Pagination = createPa
ramDecorator(\n  
(data: unknown, ctx: 
ExecutionContext): 
PaginationParams => 
{\n    const request 
= ctx.switchToHttp().
getRequest();\n    
const { page = 1, 
limit = 10, sortBy, 
sortOrder = 'desc' } 
= request.query;\n\n 
   return {\n      
page: Math.max(1, 
parseInt(page as 
string, 10)),\n      
limit: Math.min(100, 
Math.max(1, 
parseInt(limit as 
string, 10))),\n     
 sortBy: sortBy as 
string,\n      
sortOrder: sortOrder 
as 'asc' | 'desc',\n 
   };\n  
},\n);\n\nexport 
function createPagina
tedResponse<T>(\n  
data: T[],\n  total: 
number,\n  page: 
number,\n  limit: 
number,\n) {\n  
return {\n    
data,\n    
pagination: {\n      
page,\n      
limit,\n      
total,\n      
totalPages: 
Math.ceil(total / 
limit),\n    },\n  
};\n}\n
[7m [0m [91m      
                     
                     
                     
                     
                     
                     
                     
                     
                     
                     
                     
                     
                     
                     
                     
                     
                     
                     
                     
                     
                     
                     
                     
                     
                     
                     
                     
                     
                     
                     
    [0m
[96msrc/shared/decor
ators/pagination.deco
rator.ts[0m:[93m1[
0m:[93m642[0m - 
[91merror[0m[90m 
TS2304: [0mCannot 
find name 'n'.

[7m1[0m import { cr
eateParamDecorator, 
ExecutionContext } 
from '@nestjs/common'
;\nimport { 
PaginationParams } 
from '../interfaces/a
pi-response.interface
';\n\nexport const 
Pagination = createPa
ramDecorator(\n  
(data: unknown, ctx: 
ExecutionContext): 
PaginationParams => 
{\n    const request 
= ctx.switchToHttp().
getRequest();\n    
const { page = 1, 
limit = 10, sortBy, 
sortOrder = 'desc' } 
= request.query;\n\n 
   return {\n      
page: Math.max(1, 
parseInt(page as 
string, 10)),\n      
limit: Math.min(100, 
Math.max(1, 
parseInt(limit as 
string, 10))),\n     
 sortBy: sortBy as 
string,\n      
sortOrder: sortOrder 
as 'asc' | 'desc',\n 
   };\n  
},\n);\n\nexport 
function createPagina
tedResponse<T>(\n  
data: T[],\n  total: 
number,\n  page: 
number,\n  limit: 
number,\n) {\n  
return {\n    
data,\n    
pagination: {\n      
page,\n      
limit,\n      
total,\n      
totalPages: 
Math.ceil(total / 
limit),\n    },\n  
};\n}\n
[7m [0m [91m      
                     
                     
                     
                     
                     
                     
                     
                     
                     
                     
                     
                     
                     
                     
                     
                     
                     
                     
                     
                     
                     
                     
                     
                     
                     
                     
                     
                     
                     
                     
     ~[0m
[96msrc/shared/decor
ators/pagination.deco
rator.ts[0m:[93m1[
0m:[93m643[0m - 
[91merror[0m[90m 
TS1127: [0mInvalid 
character.

[7m1[0m import { cr
eateParamDecorator, 
ExecutionContext } 
from '@nestjs/common'
;\nimport { 
PaginationParams } 
from '../interfaces/a
pi-response.interface
';\n\nexport const 
Pagination = createPa
ramDecorator(\n  
(data: unknown, ctx: 
ExecutionContext): 
PaginationParams => 
{\n    const request 
= ctx.switchToHttp().
getRequest();\n    
const { page = 1, 
limit = 10, sortBy, 
sortOrder = 'desc' } 
= request.query;\n\n 
   return {\n      
page: Math.max(1, 
parseInt(page as 
string, 10)),\n      
limit: Math.min(100, 
Math.max(1, 
parseInt(limit as 
string, 10))),\n     
 sortBy: sortBy as 
string,\n      
sortOrder: sortOrder 
as 'asc' | 'desc',\n 
   };\n  
},\n);\n\nexport 
function createPagina
tedResponse<T>(\n  
data: T[],\n  total: 
number,\n  page: 
number,\n  limit: 
number,\n) {\n  
return {\n    
data,\n    
pagination: {\n      
page,\n      
limit,\n      
total,\n      
totalPages: 
Math.ceil(total / 
limit),\n    },\n  
};\n}\n
[7m [0m [91m      
                     
                     
                     
                     
                     
                     
                     
                     
                     
                     
                     
                     
                     
                     
                     
                     
                     
                     
                     
                     
                     
                     
                     
                     
                     
                     
                     
                     
                     
                     
      [0m
[96msrc/shared/decor
ators/pagination.deco
rator.ts[0m:[93m1[
0m:[93m644[0m - 
[91merror[0m[90m 
TS1435: [0mUnknown 
keyword or 
identifier. Did you 
mean 'export'?

[7m1[0m import { cr
eateParamDecorator, 
ExecutionContext } 
from '@nestjs/common'
;\nimport { 
PaginationParams } 
from '../interfaces/a
pi-response.interface
';\n\nexport const 
Pagination = createPa
ramDecorator(\n  
(data: unknown, ctx: 
ExecutionContext): 
PaginationParams => 
{\n    const request 
= ctx.switchToHttp().
getRequest();\n    
const { page = 1, 
limit = 10, sortBy, 
sortOrder = 'desc' } 
= request.query;\n\n 
   return {\n      
page: Math.max(1, 
parseInt(page as 
string, 10)),\n      
limit: Math.min(100, 
Math.max(1, 
parseInt(limit as 
string, 10))),\n     
 sortBy: sortBy as 
string,\n      
sortOrder: sortOrder 
as 'asc' | 'desc',\n 
   };\n  
},\n);\n\nexport 
function createPagina
tedResponse<T>(\n  
data: T[],\n  total: 
number,\n  page: 
number,\n  limit: 
number,\n) {\n  
return {\n    
data,\n    
pagination: {\n      
page,\n      
limit,\n      
total,\n      
totalPages: 
Math.ceil(total / 
limit),\n    },\n  
};\n}\n
[7m [0m [91m      
                     
                     
                     
                     
                     
                     
                     
                     
                     
                     
                     
                     
                     
                     
                     
                     
                     
                     
                     
                     
                     
                     
                     
                     
                     
                     
                     
                     
                     
                     
       ~~~~~~~[0m
[96msrc/shared/decor
ators/pagination.deco
rator.ts[0m:[93m1[
0m:[93m644[0m - 
[91merror[0m[90m 
TS2552: [0mCannot 
find name 'nexport'. 
Did you mean 
'exports'?

[7m1[0m import { cr
eateParamDecorator, 
ExecutionContext } 
from '@nestjs/common'
;\nimport { 
PaginationParams } 
from '../interfaces/a
pi-response.interface
';\n\nexport const 
Pagination = createPa
ramDecorator(\n  
(data: unknown, ctx: 
ExecutionContext): 
PaginationParams => 
{\n    const request 
= ctx.switchToHttp().
getRequest();\n    
const { page = 1, 
limit = 10, sortBy, 
sortOrder = 'desc' } 
= request.query;\n\n 
   return {\n      
page: Math.max(1, 
parseInt(page as 
string, 10)),\n      
limit: Math.min(100, 
Math.max(1, 
parseInt(limit as 
string, 10))),\n     
 sortBy: sortBy as 
string,\n      
sortOrder: sortOrder 
as 'asc' | 'desc',\n 
   };\n  
},\n);\n\nexport 
function createPagina
tedResponse<T>(\n  
data: T[],\n  total: 
number,\n  page: 
number,\n  limit: 
number,\n) {\n  
return {\n    
data,\n    
pagination: {\n      
page,\n      
limit,\n      
total,\n      
totalPages: 
Math.ceil(total / 
limit),\n    },\n  
};\n}\n
[7m [0m [91m      
                     
                     
                     
                     
                     
                     
                     
                     
                     
                     
                     
                     
                     
                     
                     
                     
                     
                     
                     
                     
                     
                     
                     
                     
                     
                     
                     
                     
                     
                     
       ~~~~~~~[0m

  [96mnode_modules/@
types/node/module.d.t
s[0m:[93m868[0m:[
93m13[0m
    [7m868[0m      
   var exports: NodeJ
S.Module["exports"];
    [7m   [0m 
[96m            
~~~~~~~[0m
    'exports' is 
declared here.
[96msrc/shared/decor
ators/pagination.deco
rator.ts[0m:[93m1[
0m:[93m688[0m - 
[91merror[0m[90m 
TS1127: [0mInvalid 
character.

[7m1[0m import { cr
eateParamDecorator, 
ExecutionContext } 
from '@nestjs/common'
;\nimport { 
PaginationParams } 
from '../interfaces/a
pi-response.interface
';\n\nexport const 
Pagination = createPa
ramDecorator(\n  
(data: unknown, ctx: 
ExecutionContext): 
PaginationParams => 
{\n    const request 
= ctx.switchToHttp().
getRequest();\n    
const { page = 1, 
limit = 10, sortBy, 
sortOrder = 'desc' } 
= request.query;\n\n 
   return {\n      
page: Math.max(1, 
parseInt(page as 
string, 10)),\n      
limit: Math.min(100, 
Math.max(1, 
parseInt(limit as 
string, 10))),\n     
 sortBy: sortBy as 
string,\n      
sortOrder: sortOrder 
as 'asc' | 'desc',\n 
   };\n  
},\n);\n\nexport 
function createPagina
tedResponse<T>(\n  
data: T[],\n  total: 
number,\n  page: 
number,\n  limit: 
number,\n) {\n  
return {\n    
data,\n    
pagination: {\n      
page,\n      
limit,\n      
total,\n      
totalPages: 
Math.ceil(total / 
limit),\n    },\n  
};\n}\n
[7m [0m [91m      
                     
                     
                     
                     
                     
                     
                     
                     
                     
                     
                     
                     
                     
                     
                     
                     
                     
                     
                     
                     
                     
                     
                     
                     
                     
                     
                     
                     
                     
                     
                     
                     
         [0m
[96msrc/shared/decor
ators/pagination.deco
rator.ts[0m:[93m1[
0m:[93m689[0m - 
[91merror[0m[90m 
TS2300: 
[0mDuplicate 
identifier 'n'.

[7m1[0m import { cr
eateParamDecorator, 
ExecutionContext } 
from '@nestjs/common'
;\nimport { 
PaginationParams } 
from '../interfaces/a
pi-response.interface
';\n\nexport const 
Pagination = createPa
ramDecorator(\n  
(data: unknown, ctx: 
ExecutionContext): 
PaginationParams => 
{\n    const request 
= ctx.switchToHttp().
getRequest();\n    
const { page = 1, 
limit = 10, sortBy, 
sortOrder = 'desc' } 
= request.query;\n\n 
   return {\n      
page: Math.max(1, 
parseInt(page as 
string, 10)),\n      
limit: Math.min(100, 
Math.max(1, 
parseInt(limit as 
string, 10))),\n     
 sortBy: sortBy as 
string,\n      
sortOrder: sortOrder 
as 'asc' | 'desc',\n 
   };\n  
},\n);\n\nexport 
function createPagina
tedResponse<T>(\n  
data: T[],\n  total: 
number,\n  page: 
number,\n  limit: 
number,\n) {\n  
return {\n    
data,\n    
pagination: {\n      
page,\n      
limit,\n      
total,\n      
totalPages: 
Math.ceil(total / 
limit),\n    },\n  
};\n}\n
[7m [0m [91m      
                     
                     
                     
                     
                     
                     
                     
                     
                     
                     
                     
                     
                     
                     
                     
                     
                     
                     
                     
                     
                     
                     
                     
                     
                     
                     
                     
                     
                     
                     
                     
                     
          ~[0m
[96msrc/shared/decor
ators/pagination.deco
rator.ts[0m:[93m1[
0m:[93m692[0m - 
[91merror[0m[90m 
TS1005: [0m',' 
expected.

[7m1[0m import { cr
eateParamDecorator, 
ExecutionContext } 
from '@nestjs/common'
;\nimport { 
PaginationParams } 
from '../interfaces/a
pi-response.interface
';\n\nexport const 
Pagination = createPa
ramDecorator(\n  
(data: unknown, ctx: 
ExecutionContext): 
PaginationParams => 
{\n    const request 
= ctx.switchToHttp().
getRequest();\n    
const { page = 1, 
limit = 10, sortBy, 
sortOrder = 'desc' } 
= request.query;\n\n 
   return {\n      
page: Math.max(1, 
parseInt(page as 
string, 10)),\n      
limit: Math.min(100, 
Math.max(1, 
parseInt(limit as 
string, 10))),\n     
 sortBy: sortBy as 
string,\n      
sortOrder: sortOrder 
as 'asc' | 'desc',\n 
   };\n  
},\n);\n\nexport 
function createPagina
tedResponse<T>(\n  
data: T[],\n  total: 
number,\n  page: 
number,\n  limit: 
number,\n) {\n  
return {\n    
data,\n    
pagination: {\n      
page,\n      
limit,\n      
total,\n      
totalPages: 
Math.ceil(total / 
limit),\n    },\n  
};\n}\n
[7m [0m [91m      
                     
                     
                     
                     
                     
                     
                     
                     
                     
                     
                     
                     
                     
                     
                     
                     
                     
                     
                     
                     
                     
                     
                     
                     
                     
                     
                     
                     
                     
                     
                     
                     
             ~~~~[0m
[96msrc/shared/decor
ators/pagination.deco
rator.ts[0m:[93m1[
0m:[93m702[0m - 
[91merror[0m[90m 
TS1127: [0mInvalid 
character.

[7m1[0m import { cr
eateParamDecorator, 
ExecutionContext } 
from '@nestjs/common'
;\nimport { 
PaginationParams } 
from '../interfaces/a
pi-response.interface
';\n\nexport const 
Pagination = createPa
ramDecorator(\n  
(data: unknown, ctx: 
ExecutionContext): 
PaginationParams => 
{\n    const request 
= ctx.switchToHttp().
getRequest();\n    
const { page = 1, 
limit = 10, sortBy, 
sortOrder = 'desc' } 
= request.query;\n\n 
   return {\n      
page: Math.max(1, 
parseInt(page as 
string, 10)),\n      
limit: Math.min(100, 
Math.max(1, 
parseInt(limit as 
string, 10))),\n     
 sortBy: sortBy as 
string,\n      
sortOrder: sortOrder 
as 'asc' | 'desc',\n 
   };\n  
},\n);\n\nexport 
function createPagina
tedResponse<T>(\n  
data: T[],\n  total: 
number,\n  page: 
number,\n  limit: 
number,\n) {\n  
return {\n    
data,\n    
pagination: {\n      
page,\n      
limit,\n      
total,\n      
totalPages: 
Math.ceil(total / 
limit),\n    },\n  
};\n}\n
[7m [0m [91m      
                     
                     
                     
                     
                     
                     
                     
                     
                     
                     
                     
                     
                     
                     
                     
                     
                     
                     
                     
                     
                     
                     
                     
                     
                     
                     
                     
                     
                     
                     
                     
                     
                     
  [0m
[96msrc/shared/decor
ators/pagination.deco
rator.ts[0m:[93m1[
0m:[93m703[0m - 
[91merror[0m[90m 
TS2300: 
[0mDuplicate 
identifier 'n'.

[7m1[0m import { cr
eateParamDecorator, 
ExecutionContext } 
from '@nestjs/common'
;\nimport { 
PaginationParams } 
from '../interfaces/a
pi-response.interface
';\n\nexport const 
Pagination = createPa
ramDecorator(\n  
(data: unknown, ctx: 
ExecutionContext): 
PaginationParams => 
{\n    const request 
= ctx.switchToHttp().
getRequest();\n    
const { page = 1, 
limit = 10, sortBy, 
sortOrder = 'desc' } 
= request.query;\n\n 
   return {\n      
page: Math.max(1, 
parseInt(page as 
string, 10)),\n      
limit: Math.min(100, 
Math.max(1, 
parseInt(limit as 
string, 10))),\n     
 sortBy: sortBy as 
string,\n      
sortOrder: sortOrder 
as 'asc' | 'desc',\n 
   };\n  
},\n);\n\nexport 
function createPagina
tedResponse<T>(\n  
data: T[],\n  total: 
number,\n  page: 
number,\n  limit: 
number,\n) {\n  
return {\n    
data,\n    
pagination: {\n      
page,\n      
limit,\n      
total,\n      
totalPages: 
Math.ceil(total / 
limit),\n    },\n  
};\n}\n
[7m [0m [91m      
                     
                     
                     
                     
                     
                     
                     
                     
                     
                     
                     
                     
                     
                     
                     
                     
                     
                     
                     
                     
                     
                     
                     
                     
                     
                     
                     
                     
                     
                     
                     
                     
                     
   ~[0m
[96msrc/shared/decor
ators/pagination.deco
rator.ts[0m:[93m1[
0m:[93m706[0m - 
[91merror[0m[90m 
TS1005: [0m',' 
expected.

[7m1[0m import { cr
eateParamDecorator, 
ExecutionContext } 
from '@nestjs/common'
;\nimport { 
PaginationParams } 
from '../interfaces/a
pi-response.interface
';\n\nexport const 
Pagination = createPa
ramDecorator(\n  
(data: unknown, ctx: 
ExecutionContext): 
PaginationParams => 
{\n    const request 
= ctx.switchToHttp().
getRequest();\n    
const { page = 1, 
limit = 10, sortBy, 
sortOrder = 'desc' } 
= request.query;\n\n 
   return {\n      
page: Math.max(1, 
parseInt(page as 
string, 10)),\n      
limit: Math.min(100, 
Math.max(1, 
parseInt(limit as 
string, 10))),\n     
 sortBy: sortBy as 
string,\n      
sortOrder: sortOrder 
as 'asc' | 'desc',\n 
   };\n  
},\n);\n\nexport 
function createPagina
tedResponse<T>(\n  
data: T[],\n  total: 
number,\n  page: 
number,\n  limit: 
number,\n) {\n  
return {\n    
data,\n    
pagination: {\n      
page,\n      
limit,\n      
total,\n      
totalPages: 
Math.ceil(total / 
limit),\n    },\n  
};\n}\n
[7m [0m [91m      
                     
                     
                     
                     
                     
                     
                     
                     
                     
                     
                     
                     
                     
                     
                     
                     
                     
                     
                     
                     
                     
                     
                     
                     
                     
                     
                     
                     
                     
                     
                     
                     
                     
      ~~~~~[0m
[96msrc/shared/decor
ators/pagination.deco
rator.ts[0m:[93m1[
0m:[93m720[0m - 
[91merror[0m[90m 
TS1127: [0mInvalid 
character.

[7m1[0m import { cr
eateParamDecorator, 
ExecutionContext } 
from '@nestjs/common'
;\nimport { 
PaginationParams } 
from '../interfaces/a
pi-response.interface
';\n\nexport const 
Pagination = createPa
ramDecorator(\n  
(data: unknown, ctx: 
ExecutionContext): 
PaginationParams => 
{\n    const request 
= ctx.switchToHttp().
getRequest();\n    
const { page = 1, 
limit = 10, sortBy, 
sortOrder = 'desc' } 
= request.query;\n\n 
   return {\n      
page: Math.max(1, 
parseInt(page as 
string, 10)),\n      
limit: Math.min(100, 
Math.max(1, 
parseInt(limit as 
string, 10))),\n     
 sortBy: sortBy as 
string,\n      
sortOrder: sortOrder 
as 'asc' | 'desc',\n 
   };\n  
},\n);\n\nexport 
function createPagina
tedResponse<T>(\n  
data: T[],\n  total: 
number,\n  page: 
number,\n  limit: 
number,\n) {\n  
return {\n    
data,\n    
pagination: {\n      
page,\n      
limit,\n      
total,\n      
totalPages: 
Math.ceil(total / 
limit),\n    },\n  
};\n}\n
[7m [0m [91m      
                     
                     
                     
                     
                     
                     
                     
                     
                     
                     
                     
                     
                     
                     
                     
                     
                     
                     
                     
                     
                     
                     
                     
                     
                     
                     
                     
                     
                     
                     
                     
                     
                     
                    
[0m
[96msrc/shared/decor
ators/pagination.deco
rator.ts[0m:[93m1[
0m:[93m721[0m - 
[91merror[0m[90m 
TS2300: 
[0mDuplicate 
identifier 'n'.

[7m1[0m import { cr
eateParamDecorator, 
ExecutionContext } 
from '@nestjs/common'
;\nimport { 
PaginationParams } 
from '../interfaces/a
pi-response.interface
';\n\nexport const 
Pagination = createPa
ramDecorator(\n  
(data: unknown, ctx: 
ExecutionContext): 
PaginationParams => 
{\n    const request 
= ctx.switchToHttp().
getRequest();\n    
const { page = 1, 
limit = 10, sortBy, 
sortOrder = 'desc' } 
= request.query;\n\n 
   return {\n      
page: Math.max(1, 
parseInt(page as 
string, 10)),\n      
limit: Math.min(100, 
Math.max(1, 
parseInt(limit as 
string, 10))),\n     
 sortBy: sortBy as 
string,\n      
sortOrder: sortOrder 
as 'asc' | 'desc',\n 
   };\n  
},\n);\n\nexport 
function createPagina
tedResponse<T>(\n  
data: T[],\n  total: 
number,\n  page: 
number,\n  limit: 
number,\n) {\n  
return {\n    
data,\n    
pagination: {\n      
page,\n      
limit,\n      
total,\n      
totalPages: 
Math.ceil(total / 
limit),\n    },\n  
};\n}\n
[7m [0m [91m      
                     
                     
                     
                     
                     
                     
                     
                     
                     
                     
                     
                     
                     
                     
                     
                     
                     
                     
                     
                     
                     
                     
                     
                     
                     
                     
                     
                     
                     
                     
                     
                     
                     
                     
~[0m
[96msrc/shared/decor
ators/pagination.deco
rator.ts[0m:[93m1[
0m:[93m724[0m - 
[91merror[0m[90m 
TS1005: [0m',' 
expected.

[7m1[0m import { cr
eateParamDecorator, 
ExecutionContext } 
from '@nestjs/common'
;\nimport { 
PaginationParams } 
from '../interfaces/a
pi-response.interface
';\n\nexport const 
Pagination = createPa
ramDecorator(\n  
(data: unknown, ctx: 
ExecutionContext): 
PaginationParams => 
{\n    const request 
= ctx.switchToHttp().
getRequest();\n    
const { page = 1, 
limit = 10, sortBy, 
sortOrder = 'desc' } 
= request.query;\n\n 
   return {\n      
page: Math.max(1, 
parseInt(page as 
string, 10)),\n      
limit: Math.min(100, 
Math.max(1, 
parseInt(limit as 
string, 10))),\n     
 sortBy: sortBy as 
string,\n      
sortOrder: sortOrder 
as 'asc' | 'desc',\n 
   };\n  
},\n);\n\nexport 
function createPagina
tedResponse<T>(\n  
data: T[],\n  total: 
number,\n  page: 
number,\n  limit: 
number,\n) {\n  
return {\n    
data,\n    
pagination: {\n      
page,\n      
limit,\n      
total,\n      
totalPages: 
Math.ceil(total / 
limit),\n    },\n  
};\n}\n
[7m [0m [91m      
                     
                     
                     
                     
                     
                     
                     
                     
                     
                     
                     
                     
                     
                     
                     
                     
                     
                     
                     
                     
                     
                     
                     
                     
                     
                     
                     
                     
                     
                     
                     
                     
                     
                     
   ~~~~[0m
[96msrc/shared/decor
ators/pagination.deco
rator.ts[0m:[93m1[
0m:[93m737[0m - 
[91merror[0m[90m 
TS1127: [0mInvalid 
character.

[7m1[0m import { cr
eateParamDecorator, 
ExecutionContext } 
from '@nestjs/common'
;\nimport { 
PaginationParams } 
from '../interfaces/a
pi-response.interface
';\n\nexport const 
Pagination = createPa
ramDecorator(\n  
(data: unknown, ctx: 
ExecutionContext): 
PaginationParams => 
{\n    const request 
= ctx.switchToHttp().
getRequest();\n    
const { page = 1, 
limit = 10, sortBy, 
sortOrder = 'desc' } 
= request.query;\n\n 
   return {\n      
page: Math.max(1, 
parseInt(page as 
string, 10)),\n      
limit: Math.min(100, 
Math.max(1, 
parseInt(limit as 
string, 10))),\n     
 sortBy: sortBy as 
string,\n      
sortOrder: sortOrder 
as 'asc' | 'desc',\n 
   };\n  
},\n);\n\nexport 
function createPagina
tedResponse<T>(\n  
data: T[],\n  total: 
number,\n  page: 
number,\n  limit: 
number,\n) {\n  
return {\n    
data,\n    
pagination: {\n      
page,\n      
limit,\n      
total,\n      
totalPages: 
Math.ceil(total / 
limit),\n    },\n  
};\n}\n
[7m [0m [91m      
                     
                     
                     
                     
                     
                     
                     
                     
                     
                     
                     
                     
                     
                     
                     
                     
                     
                     
                     
                     
                     
                     
                     
                     
                     
                     
                     
                     
                     
                     
                     
                     
                     
                     
                [0m
[96msrc/shared/decor
ators/pagination.deco
rator.ts[0m:[93m1[
0m:[93m738[0m - 
[91merror[0m[90m 
TS2300: 
[0mDuplicate 
identifier 'n'.

[7m1[0m import { cr
eateParamDecorator, 
ExecutionContext } 
from '@nestjs/common'
;\nimport { 
PaginationParams } 
from '../interfaces/a
pi-response.interface
';\n\nexport const 
Pagination = createPa
ramDecorator(\n  
(data: unknown, ctx: 
ExecutionContext): 
PaginationParams => 
{\n    const request 
= ctx.switchToHttp().
getRequest();\n    
const { page = 1, 
limit = 10, sortBy, 
sortOrder = 'desc' } 
= request.query;\n\n 
   return {\n      
page: Math.max(1, 
parseInt(page as 
string, 10)),\n      
limit: Math.min(100, 
Math.max(1, 
parseInt(limit as 
string, 10))),\n     
 sortBy: sortBy as 
string,\n      
sortOrder: sortOrder 
as 'asc' | 'desc',\n 
   };\n  
},\n);\n\nexport 
function createPagina
tedResponse<T>(\n  
data: T[],\n  total: 
number,\n  page: 
number,\n  limit: 
number,\n) {\n  
return {\n    
data,\n    
pagination: {\n      
page,\n      
limit,\n      
total,\n      
totalPages: 
Math.ceil(total / 
limit),\n    },\n  
};\n}\n
[7m [0m [91m      
                     
                     
                     
                     
                     
                     
                     
                     
                     
                     
                     
                     
                     
                     
                     
                     
                     
                     
                     
                     
                     
                     
                     
                     
                     
                     
                     
                     
                     
                     
                     
                     
                     
                     
                 
~[0m
[96msrc/shared/decor
ators/pagination.deco
rator.ts[0m:[93m1[
0m:[93m741[0m - 
[91merror[0m[90m 
TS1005: [0m',' 
expected.

[7m1[0m import { cr
eateParamDecorator, 
ExecutionContext } 
from '@nestjs/common'
;\nimport { 
PaginationParams } 
from '../interfaces/a
pi-response.interface
';\n\nexport const 
Pagination = createPa
ramDecorator(\n  
(data: unknown, ctx: 
ExecutionContext): 
PaginationParams => 
{\n    const request 
= ctx.switchToHttp().
getRequest();\n    
const { page = 1, 
limit = 10, sortBy, 
sortOrder = 'desc' } 
= request.query;\n\n 
   return {\n      
page: Math.max(1, 
parseInt(page as 
string, 10)),\n      
limit: Math.min(100, 
Math.max(1, 
parseInt(limit as 
string, 10))),\n     
 sortBy: sortBy as 
string,\n      
sortOrder: sortOrder 
as 'asc' | 'desc',\n 
   };\n  
},\n);\n\nexport 
function createPagina
tedResponse<T>(\n  
data: T[],\n  total: 
number,\n  page: 
number,\n  limit: 
number,\n) {\n  
return {\n    
data,\n    
pagination: {\n      
page,\n      
limit,\n      
total,\n      
totalPages: 
Math.ceil(total / 
limit),\n    },\n  
};\n}\n
[7m [0m [91m      
                     
                     
                     
                     
                     
                     
                     
                     
                     
                     
                     
                     
                     
                     
                     
                     
                     
                     
                     
                     
                     
                     
                     
                     
                     
                     
                     
                     
                     
                     
                     
                     
                     
                     
                    
~~~~~[0m
[96msrc/shared/decor
ators/pagination.deco
rator.ts[0m:[93m1[
0m:[93m755[0m - 
[91merror[0m[90m 
TS1127: [0mInvalid 
character.

[7m1[0m import { cr
eateParamDecorator, 
ExecutionContext } 
from '@nestjs/common'
;\nimport { 
PaginationParams } 
from '../interfaces/a
pi-response.interface
';\n\nexport const 
Pagination = createPa
ramDecorator(\n  
(data: unknown, ctx: 
ExecutionContext): 
PaginationParams => 
{\n    const request 
= ctx.switchToHttp().
getRequest();\n    
const { page = 1, 
limit = 10, sortBy, 
sortOrder = 'desc' } 
= request.query;\n\n 
   return {\n      
page: Math.max(1, 
parseInt(page as 
string, 10)),\n      
limit: Math.min(100, 
Math.max(1, 
parseInt(limit as 
string, 10))),\n     
 sortBy: sortBy as 
string,\n      
sortOrder: sortOrder 
as 'asc' | 'desc',\n 
   };\n  
},\n);\n\nexport 
function createPagina
tedResponse<T>(\n  
data: T[],\n  total: 
number,\n  page: 
number,\n  limit: 
number,\n) {\n  
return {\n    
data,\n    
pagination: {\n      
page,\n      
limit,\n      
total,\n      
totalPages: 
Math.ceil(total / 
limit),\n    },\n  
};\n}\n
[7m [0m [91m      
                     
                     
                     
                     
                     
                     
                     
                     
                     
                     
                     
                     
                     
                     
                     
                     
                     
                     
                     
                     
                     
                     
                     
                     
                     
                     
                     
                     
                     
                     
                     
                     
                     
                     
                     
             [0m
[96msrc/shared/decor
ators/pagination.deco
rator.ts[0m:[93m1[
0m:[93m756[0m - 
[91merror[0m[90m 
TS2300: 
[0mDuplicate 
identifier 'n'.

[7m1[0m import { cr
eateParamDecorator, 
ExecutionContext } 
from '@nestjs/common'
;\nimport { 
PaginationParams } 
from '../interfaces/a
pi-response.interface
';\n\nexport const 
Pagination = createPa
ramDecorator(\n  
(data: unknown, ctx: 
ExecutionContext): 
PaginationParams => 
{\n    const request 
= ctx.switchToHttp().
getRequest();\n    
const { page = 1, 
limit = 10, sortBy, 
sortOrder = 'desc' } 
= request.query;\n\n 
   return {\n      
page: Math.max(1, 
parseInt(page as 
string, 10)),\n      
limit: Math.min(100, 
Math.max(1, 
parseInt(limit as 
string, 10))),\n     
 sortBy: sortBy as 
string,\n      
sortOrder: sortOrder 
as 'asc' | 'desc',\n 
   };\n  
},\n);\n\nexport 
function createPagina
tedResponse<T>(\n  
data: T[],\n  total: 
number,\n  page: 
number,\n  limit: 
number,\n) {\n  
return {\n    
data,\n    
pagination: {\n      
page,\n      
limit,\n      
total,\n      
totalPages: 
Math.ceil(total / 
limit),\n    },\n  
};\n}\n
[7m [0m [91m      
                     
                     
                     
                     
                     
                     
                     
                     
                     
                     
                     
                     
                     
                     
                     
                     
                     
                     
                     
                     
                     
                     
                     
                     
                     
                     
                     
                     
                     
                     
                     
                     
                     
                     
                     
              ~[0m
[96msrc/shared/decor
ators/pagination.deco
rator.ts[0m:[93m1[
0m:[93m760[0m - 
[91merror[0m[90m 
TS1127: [0mInvalid 
character.

[7m1[0m import { cr
eateParamDecorator, 
ExecutionContext } 
from '@nestjs/common'
;\nimport { 
PaginationParams } 
from '../interfaces/a
pi-response.interface
';\n\nexport const 
Pagination = createPa
ramDecorator(\n  
(data: unknown, ctx: 
ExecutionContext): 
PaginationParams => 
{\n    const request 
= ctx.switchToHttp().
getRequest();\n    
const { page = 1, 
limit = 10, sortBy, 
sortOrder = 'desc' } 
= request.query;\n\n 
   return {\n      
page: Math.max(1, 
parseInt(page as 
string, 10)),\n      
limit: Math.min(100, 
Math.max(1, 
parseInt(limit as 
string, 10))),\n     
 sortBy: sortBy as 
string,\n      
sortOrder: sortOrder 
as 'asc' | 'desc',\n 
   };\n  
},\n);\n\nexport 
function createPagina
tedResponse<T>(\n  
data: T[],\n  total: 
number,\n  page: 
number,\n  limit: 
number,\n) {\n  
return {\n    
data,\n    
pagination: {\n      
page,\n      
limit,\n      
total,\n      
totalPages: 
Math.ceil(total / 
limit),\n    },\n  
};\n}\n
[7m [0m [91m      
                     
                     
                     
                     
                     
                     
                     
                     
                     
                     
                     
                     
                     
                     
                     
                     
                     
                     
                     
                     
                     
                     
                     
                     
                     
                     
                     
                     
                     
                     
                     
                     
                     
                     
                     
                  
[0m
[96msrc/shared/decor
ators/pagination.deco
rator.ts[0m:[93m1[
0m:[93m761[0m - 
[91merror[0m[90m 
TS1434: 
[0mUnexpected 
keyword or 
identifier.

[7m1[0m import { cr
eateParamDecorator, 
ExecutionContext } 
from '@nestjs/common'
;\nimport { 
PaginationParams } 
from '../interfaces/a
pi-response.interface
';\n\nexport const 
Pagination = createPa
ramDecorator(\n  
(data: unknown, ctx: 
ExecutionContext): 
PaginationParams => 
{\n    const request 
= ctx.switchToHttp().
getRequest();\n    
const { page = 1, 
limit = 10, sortBy, 
sortOrder = 'desc' } 
= request.query;\n\n 
   return {\n      
page: Math.max(1, 
parseInt(page as 
string, 10)),\n      
limit: Math.min(100, 
Math.max(1, 
parseInt(limit as 
string, 10))),\n     
 sortBy: sortBy as 
string,\n      
sortOrder: sortOrder 
as 'asc' | 'desc',\n 
   };\n  
},\n);\n\nexport 
function createPagina
tedResponse<T>(\n  
data: T[],\n  total: 
number,\n  page: 
number,\n  limit: 
number,\n) {\n  
return {\n    
data,\n    
pagination: {\n      
page,\n      
limit,\n      
total,\n      
totalPages: 
Math.ceil(total / 
limit),\n    },\n  
};\n}\n
[7m [0m [91m      
                     
                     
                     
                     
                     
                     
                     
                     
                     
                     
                     
                     
                     
                     
                     
                     
                     
                     
                     
                     
                     
                     
                     
                     
                     
                     
                     
                     
                     
                     
                     
                     
                     
                     
                     
                   
~[0m
[96msrc/shared/decor
ators/pagination.deco
rator.ts[0m:[93m1[
0m:[93m772[0m - 
[91merror[0m[90m 
TS1127: [0mInvalid 
character.

[7m1[0m import { cr
eateParamDecorator, 
ExecutionContext } 
from '@nestjs/common'
;\nimport { 
PaginationParams } 
from '../interfaces/a
pi-response.interface
';\n\nexport const 
Pagination = createPa
ramDecorator(\n  
(data: unknown, ctx: 
ExecutionContext): 
PaginationParams => 
{\n    const request 
= ctx.switchToHttp().
getRequest();\n    
const { page = 1, 
limit = 10, sortBy, 
sortOrder = 'desc' } 
= request.query;\n\n 
   return {\n      
page: Math.max(1, 
parseInt(page as 
string, 10)),\n      
limit: Math.min(100, 
Math.max(1, 
parseInt(limit as 
string, 10))),\n     
 sortBy: sortBy as 
string,\n      
sortOrder: sortOrder 
as 'asc' | 'desc',\n 
   };\n  
},\n);\n\nexport 
function createPagina
tedResponse<T>(\n  
data: T[],\n  total: 
number,\n  page: 
number,\n  limit: 
number,\n) {\n  
return {\n    
data,\n    
pagination: {\n      
page,\n      
limit,\n      
total,\n      
totalPages: 
Math.ceil(total / 
limit),\n    },\n  
};\n}\n
[7m [0m [91m      
                     
                     
                     
                     
                     
                     
                     
                     
                     
                     
                     
                     
                     
                     
                     
                     
                     
                     
                     
                     
                     
                     
                     
                     
                     
                     
                     
                     
                     
                     
                     
                     
                     
                     
                     
                     
         [0m
[96msrc/shared/decor
ators/pagination.deco
rator.ts[0m:[93m1[
0m:[93m778[0m - 
[91merror[0m[90m 
TS1005: [0m',' 
expected.

[7m1[0m import { cr
eateParamDecorator, 
ExecutionContext } 
from '@nestjs/common'
;\nimport { 
PaginationParams } 
from '../interfaces/a
pi-response.interface
';\n\nexport const 
Pagination = createPa
ramDecorator(\n  
(data: unknown, ctx: 
ExecutionContext): 
PaginationParams => 
{\n    const request 
= ctx.switchToHttp().
getRequest();\n    
const { page = 1, 
limit = 10, sortBy, 
sortOrder = 'desc' } 
= request.query;\n\n 
   return {\n      
page: Math.max(1, 
parseInt(page as 
string, 10)),\n      
limit: Math.min(100, 
Math.max(1, 
parseInt(limit as 
string, 10))),\n     
 sortBy: sortBy as 
string,\n      
sortOrder: sortOrder 
as 'asc' | 'desc',\n 
   };\n  
},\n);\n\nexport 
function createPagina
tedResponse<T>(\n  
data: T[],\n  total: 
number,\n  page: 
number,\n  limit: 
number,\n) {\n  
return {\n    
data,\n    
pagination: {\n      
page,\n      
limit,\n      
total,\n      
totalPages: 
Math.ceil(total / 
limit),\n    },\n  
};\n}\n
[7m [0m [91m      
                     
                     
                     
                     
                     
                     
                     
                     
                     
                     
                     
                     
                     
                     
                     
                     
                     
                     
                     
                     
                     
                     
                     
                     
                     
                     
                     
                     
                     
                     
                     
                     
                     
                     
                     
                     
               
~~~~[0m
[96msrc/shared/decor
ators/pagination.deco
rator.ts[0m:[93m1[
0m:[93m783[0m - 
[91merror[0m[90m 
TS1127: [0mInvalid 
character.

[7m1[0m import { cr
eateParamDecorator, 
ExecutionContext } 
from '@nestjs/common'
;\nimport { 
PaginationParams } 
from '../interfaces/a
pi-response.interface
';\n\nexport const 
Pagination = createPa
ramDecorator(\n  
(data: unknown, ctx: 
ExecutionContext): 
PaginationParams => 
{\n    const request 
= ctx.switchToHttp().
getRequest();\n    
const { page = 1, 
limit = 10, sortBy, 
sortOrder = 'desc' } 
= request.query;\n\n 
   return {\n      
page: Math.max(1, 
parseInt(page as 
string, 10)),\n      
limit: Math.min(100, 
Math.max(1, 
parseInt(limit as 
string, 10))),\n     
 sortBy: sortBy as 
string,\n      
sortOrder: sortOrder 
as 'asc' | 'desc',\n 
   };\n  
},\n);\n\nexport 
function createPagina
tedResponse<T>(\n  
data: T[],\n  total: 
number,\n  page: 
number,\n  limit: 
number,\n) {\n  
return {\n    
data,\n    
pagination: {\n      
page,\n      
limit,\n      
total,\n      
totalPages: 
Math.ceil(total / 
limit),\n    },\n  
};\n}\n
[7m [0m [91m      
                     
                     
                     
                     
                     
                     
                     
                     
                     
                     
                     
                     
                     
                     
                     
                     
                     
                     
                     
                     
                     
                     
                     
                     
                     
                     
                     
                     
                     
                     
                     
                     
                     
                     
                     
                     
                    
[0m
[96msrc/shared/decor
ators/pagination.deco
rator.ts[0m:[93m1[
0m:[93m789[0m - 
[91merror[0m[90m 
TS1005: [0m',' 
expected.

[7m1[0m import { cr
eateParamDecorator, 
ExecutionContext } 
from '@nestjs/common'
;\nimport { 
PaginationParams } 
from '../interfaces/a
pi-response.interface
';\n\nexport const 
Pagination = createPa
ramDecorator(\n  
(data: unknown, ctx: 
ExecutionContext): 
PaginationParams => 
{\n    const request 
= ctx.switchToHttp().
getRequest();\n    
const { page = 1, 
limit = 10, sortBy, 
sortOrder = 'desc' } 
= request.query;\n\n 
   return {\n      
page: Math.max(1, 
parseInt(page as 
string, 10)),\n      
limit: Math.min(100, 
Math.max(1, 
parseInt(limit as 
string, 10))),\n     
 sortBy: sortBy as 
string,\n      
sortOrder: sortOrder 
as 'asc' | 'desc',\n 
   };\n  
},\n);\n\nexport 
function createPagina
tedResponse<T>(\n  
data: T[],\n  total: 
number,\n  page: 
number,\n  limit: 
number,\n) {\n  
return {\n    
data,\n    
pagination: {\n      
page,\n      
limit,\n      
total,\n      
totalPages: 
Math.ceil(total / 
limit),\n    },\n  
};\n}\n
[7m [0m [91m      
                     
                     
                     
                     
                     
                     
                     
                     
                     
                     
                     
                     
                     
                     
                     
                     
                     
                     
                     
                     
                     
                     
                     
                     
                     
                     
                     
                     
                     
                     
                     
                     
                     
                     
                     
                     
                     
     ~~~~~~~~~~[0m
[96msrc/shared/decor
ators/pagination.deco
rator.ts[0m:[93m1[
0m:[93m802[0m - 
[91merror[0m[90m 
TS1127: [0mInvalid 
character.

[7m1[0m import { cr
eateParamDecorator, 
ExecutionContext } 
from '@nestjs/common'
;\nimport { 
PaginationParams } 
from '../interfaces/a
pi-response.interface
';\n\nexport const 
Pagination = createPa
ramDecorator(\n  
(data: unknown, ctx: 
ExecutionContext): 
PaginationParams => 
{\n    const request 
= ctx.switchToHttp().
getRequest();\n    
const { page = 1, 
limit = 10, sortBy, 
sortOrder = 'desc' } 
= request.query;\n\n 
   return {\n      
page: Math.max(1, 
parseInt(page as 
string, 10)),\n      
limit: Math.min(100, 
Math.max(1, 
parseInt(limit as 
string, 10))),\n     
 sortBy: sortBy as 
string,\n      
sortOrder: sortOrder 
as 'asc' | 'desc',\n 
   };\n  
},\n);\n\nexport 
function createPagina
tedResponse<T>(\n  
data: T[],\n  total: 
number,\n  page: 
number,\n  limit: 
number,\n) {\n  
return {\n    
data,\n    
pagination: {\n      
page,\n      
limit,\n      
total,\n      
totalPages: 
Math.ceil(total / 
limit),\n    },\n  
};\n}\n
[7m [0m [91m      
                     
                     
                     
                     
                     
                     
                     
                     
                     
                     
                     
                     
                     
                     
                     
                     
                     
                     
                     
                     
                     
                     
                     
                     
                     
                     
                     
                     
                     
                     
                     
                     
                     
                     
                     
                     
                     
                  
[0m
[96msrc/shared/decor
ators/pagination.deco
rator.ts[0m:[93m1[
0m:[93m810[0m - 
[91merror[0m[90m 
TS1005: [0m',' 
expected.

[7m1[0m import { cr
eateParamDecorator, 
ExecutionContext } 
from '@nestjs/common'
;\nimport { 
PaginationParams } 
from '../interfaces/a
pi-response.interface
';\n\nexport const 
Pagination = createPa
ramDecorator(\n  
(data: unknown, ctx: 
ExecutionContext): 
PaginationParams => 
{\n    const request 
= ctx.switchToHttp().
getRequest();\n    
const { page = 1, 
limit = 10, sortBy, 
sortOrder = 'desc' } 
= request.query;\n\n 
   return {\n      
page: Math.max(1, 
parseInt(page as 
string, 10)),\n      
limit: Math.min(100, 
Math.max(1, 
parseInt(limit as 
string, 10))),\n     
 sortBy: sortBy as 
string,\n      
sortOrder: sortOrder 
as 'asc' | 'desc',\n 
   };\n  
},\n);\n\nexport 
function createPagina
tedResponse<T>(\n  
data: T[],\n  total: 
number,\n  page: 
number,\n  limit: 
number,\n) {\n  
return {\n    
data,\n    
pagination: {\n      
page,\n      
limit,\n      
total,\n      
totalPages: 
Math.ceil(total / 
limit),\n    },\n  
};\n}\n
[7m [0m [91m      
                     
                     
                     
                     
                     
                     
                     
                     
                     
                     
                     
                     
                     
                     
                     
                     
                     
                     
                     
                     
                     
                     
                     
                     
                     
                     
                     
                     
                     
                     
                     
                     
                     
                     
                     
                     
                     
                     
     ~~~~[0m
[96msrc/shared/decor
ators/pagination.deco
rator.ts[0m:[93m1[
0m:[93m815[0m - 
[91merror[0m[90m 
TS1127: [0mInvalid 
character.

[7m1[0m import { cr
eateParamDecorator, 
ExecutionContext } 
from '@nestjs/common'
;\nimport { 
PaginationParams } 
from '../interfaces/a
pi-response.interface
';\n\nexport const 
Pagination = createPa
ramDecorator(\n  
(data: unknown, ctx: 
ExecutionContext): 
PaginationParams => 
{\n    const request 
= ctx.switchToHttp().
getRequest();\n    
const { page = 1, 
limit = 10, sortBy, 
sortOrder = 'desc' } 
= request.query;\n\n 
   return {\n      
page: Math.max(1, 
parseInt(page as 
string, 10)),\n      
limit: Math.min(100, 
Math.max(1, 
parseInt(limit as 
string, 10))),\n     
 sortBy: sortBy as 
string,\n      
sortOrder: sortOrder 
as 'asc' | 'desc',\n 
   };\n  
},\n);\n\nexport 
function createPagina
tedResponse<T>(\n  
data: T[],\n  total: 
number,\n  page: 
number,\n  limit: 
number,\n) {\n  
return {\n    
data,\n    
pagination: {\n      
page,\n      
limit,\n      
total,\n      
totalPages: 
Math.ceil(total / 
limit),\n    },\n  
};\n}\n
[7m [0m [91m      
                     
                     
                     
                     
                     
                     
                     
                     
                     
                     
                     
                     
                     
                     
                     
                     
                     
                     
                     
                     
                     
                     
                     
                     
                     
                     
                     
                     
                     
                     
                     
                     
                     
                     
                     
                     
                     
                     
          [0m
[96msrc/shared/decor
ators/pagination.deco
rator.ts[0m:[93m1[
0m:[93m823[0m - 
[91merror[0m[90m 
TS1005: [0m',' 
expected.

[7m1[0m import { cr
eateParamDecorator, 
ExecutionContext } 
from '@nestjs/common'
;\nimport { 
PaginationParams } 
from '../interfaces/a
pi-response.interface
';\n\nexport const 
Pagination = createPa
ramDecorator(\n  
(data: unknown, ctx: 
ExecutionContext): 
PaginationParams => 
{\n    const request 
= ctx.switchToHttp().
getRequest();\n    
const { page = 1, 
limit = 10, sortBy, 
sortOrder = 'desc' } 
= request.query;\n\n 
   return {\n      
page: Math.max(1, 
parseInt(page as 
string, 10)),\n      
limit: Math.min(100, 
Math.max(1, 
parseInt(limit as 
string, 10))),\n     
 sortBy: sortBy as 
string,\n      
sortOrder: sortOrder 
as 'asc' | 'desc',\n 
   };\n  
},\n);\n\nexport 
function createPagina
tedResponse<T>(\n  
data: T[],\n  total: 
number,\n  page: 
number,\n  limit: 
number,\n) {\n  
return {\n    
data,\n    
pagination: {\n      
page,\n      
limit,\n      
total,\n      
totalPages: 
Math.ceil(total / 
limit),\n    },\n  
};\n}\n
[7m [0m [91m      
                     
                     
                     
                     
                     
                     
                     
                     
                     
                     
                     
                     
                     
                     
                     
                     
                     
                     
                     
                     
                     
                     
                     
                     
                     
                     
                     
                     
                     
                     
                     
                     
                     
                     
                     
                     
                     
                     
                  
~~~~~[0m
[96msrc/shared/decor
ators/pagination.deco
rator.ts[0m:[93m1[
0m:[93m829[0m - 
[91merror[0m[90m 
TS1127: [0mInvalid 
character.

[7m1[0m import { cr
eateParamDecorator, 
ExecutionContext } 
from '@nestjs/common'
;\nimport { 
PaginationParams } 
from '../interfaces/a
pi-response.interface
';\n\nexport const 
Pagination = createPa
ramDecorator(\n  
(data: unknown, ctx: 
ExecutionContext): 
PaginationParams => 
{\n    const request 
= ctx.switchToHttp().
getRequest();\n    
const { page = 1, 
limit = 10, sortBy, 
sortOrder = 'desc' } 
= request.query;\n\n 
   return {\n      
page: Math.max(1, 
parseInt(page as 
string, 10)),\n      
limit: Math.min(100, 
Math.max(1, 
parseInt(limit as 
string, 10))),\n     
 sortBy: sortBy as 
string,\n      
sortOrder: sortOrder 
as 'asc' | 'desc',\n 
   };\n  
},\n);\n\nexport 
function createPagina
tedResponse<T>(\n  
data: T[],\n  total: 
number,\n  page: 
number,\n  limit: 
number,\n) {\n  
return {\n    
data,\n    
pagination: {\n      
page,\n      
limit,\n      
total,\n      
totalPages: 
Math.ceil(total / 
limit),\n    },\n  
};\n}\n
[7m [0m [91m      
                     
                     
                     
                     
                     
                     
                     
                     
                     
                     
                     
                     
                     
                     
                     
                     
                     
                     
                     
                     
                     
                     
                     
                     
                     
                     
                     
                     
                     
                     
                     
                     
                     
                     
                     
                     
                     
                     
                     
   [0m
[96msrc/shared/decor
ators/pagination.deco
rator.ts[0m:[93m1[
0m:[93m837[0m - 
[91merror[0m[90m 
TS1005: [0m',' 
expected.

[7m1[0m import { cr
eateParamDecorator, 
ExecutionContext } 
from '@nestjs/common'
;\nimport { 
PaginationParams } 
from '../interfaces/a
pi-response.interface
';\n\nexport const 
Pagination = createPa
ramDecorator(\n  
(data: unknown, ctx: 
ExecutionContext): 
PaginationParams => 
{\n    const request 
= ctx.switchToHttp().
getRequest();\n    
const { page = 1, 
limit = 10, sortBy, 
sortOrder = 'desc' } 
= request.query;\n\n 
   return {\n      
page: Math.max(1, 
parseInt(page as 
string, 10)),\n      
limit: Math.min(100, 
Math.max(1, 
parseInt(limit as 
string, 10))),\n     
 sortBy: sortBy as 
string,\n      
sortOrder: sortOrder 
as 'asc' | 'desc',\n 
   };\n  
},\n);\n\nexport 
function createPagina
tedResponse<T>(\n  
data: T[],\n  total: 
number,\n  page: 
number,\n  limit: 
number,\n) {\n  
return {\n    
data,\n    
pagination: {\n      
page,\n      
limit,\n      
total,\n      
totalPages: 
Math.ceil(total / 
limit),\n    },\n  
};\n}\n
[7m [0m [91m      
                     
                     
                     
                     
                     
                     
                     
                     
                     
                     
                     
                     
                     
                     
                     
                     
                     
                     
                     
                     
                     
                     
                     
                     
                     
                     
                     
                     
                     
                     
                     
                     
                     
                     
                     
                     
                     
                     
                     
           ~~~~~[0m
[96msrc/shared/decor
ators/pagination.deco
rator.ts[0m:[93m1[
0m:[93m843[0m - 
[91merror[0m[90m 
TS1127: [0mInvalid 
character.

[7m1[0m import { cr
eateParamDecorator, 
ExecutionContext } 
from '@nestjs/common'
;\nimport { 
PaginationParams } 
from '../interfaces/a
pi-response.interface
';\n\nexport const 
Pagination = createPa
ramDecorator(\n  
(data: unknown, ctx: 
ExecutionContext): 
PaginationParams => 
{\n    const request 
= ctx.switchToHttp().
getRequest();\n    
const { page = 1, 
limit = 10, sortBy, 
sortOrder = 'desc' } 
= request.query;\n\n 
   return {\n      
page: Math.max(1, 
parseInt(page as 
string, 10)),\n      
limit: Math.min(100, 
Math.max(1, 
parseInt(limit as 
string, 10))),\n     
 sortBy: sortBy as 
string,\n      
sortOrder: sortOrder 
as 'asc' | 'desc',\n 
   };\n  
},\n);\n\nexport 
function createPagina
tedResponse<T>(\n  
data: T[],\n  total: 
number,\n  page: 
number,\n  limit: 
number,\n) {\n  
return {\n    
data,\n    
pagination: {\n      
page,\n      
limit,\n      
total,\n      
totalPages: 
Math.ceil(total / 
limit),\n    },\n  
};\n}\n
[7m [0m [91m      
                     
                     
                     
                     
                     
                     
                     
                     
                     
                     
                     
                     
                     
                     
                     
                     
                     
                     
                     
                     
                     
                     
                     
                     
                     
                     
                     
                     
                     
                     
                     
                     
                     
                     
                     
                     
                     
                     
                     
                 [0m
[96msrc/shared/decor
ators/pagination.deco
rator.ts[0m:[93m1[
0m:[93m851[0m - 
[91merror[0m[90m 
TS1005: [0m',' 
expected.

[7m1[0m import { cr
eateParamDecorator, 
ExecutionContext } 
from '@nestjs/common'
;\nimport { 
PaginationParams } 
from '../interfaces/a
pi-response.interface
';\n\nexport const 
Pagination = createPa
ramDecorator(\n  
(data: unknown, ctx: 
ExecutionContext): 
PaginationParams => 
{\n    const request 
= ctx.switchToHttp().
getRequest();\n    
const { page = 1, 
limit = 10, sortBy, 
sortOrder = 'desc' } 
= request.query;\n\n 
   return {\n      
page: Math.max(1, 
parseInt(page as 
string, 10)),\n      
limit: Math.min(100, 
Math.max(1, 
parseInt(limit as 
string, 10))),\n     
 sortBy: sortBy as 
string,\n      
sortOrder: sortOrder 
as 'asc' | 'desc',\n 
   };\n  
},\n);\n\nexport 
function createPagina
tedResponse<T>(\n  
data: T[],\n  total: 
number,\n  page: 
number,\n  limit: 
number,\n) {\n  
return {\n    
data,\n    
pagination: {\n      
page,\n      
limit,\n      
total,\n      
totalPages: 
Math.ceil(total / 
limit),\n    },\n  
};\n}\n
[7m [0m [91m      
                     
                     
                     
                     
                     
                     
                     
                     
                     
                     
                     
                     
                     
                     
                     
                     
                     
                     
                     
                     
                     
                     
                     
                     
                     
                     
                     
                     
                     
                     
                     
                     
                     
                     
                     
                     
                     
                     
                     
                     
    ~~~~~~~~~~[0m
[96msrc/shared/decor
ators/pagination.deco
rator.ts[0m:[93m1[
0m:[93m888[0m - 
[91merror[0m[90m 
TS1127: [0mInvalid 
character.

[7m1[0m import { cr
eateParamDecorator, 
ExecutionContext } 
from '@nestjs/common'
;\nimport { 
PaginationParams } 
from '../interfaces/a
pi-response.interface
';\n\nexport const 
Pagination = createPa
ramDecorator(\n  
(data: unknown, ctx: 
ExecutionContext): 
PaginationParams => 
{\n    const request 
= ctx.switchToHttp().
getRequest();\n    
const { page = 1, 
limit = 10, sortBy, 
sortOrder = 'desc' } 
= request.query;\n\n 
   return {\n      
page: Math.max(1, 
parseInt(page as 
string, 10)),\n      
limit: Math.min(100, 
Math.max(1, 
parseInt(limit as 
string, 10))),\n     
 sortBy: sortBy as 
string,\n      
sortOrder: sortOrder 
as 'asc' | 'desc',\n 
   };\n  
},\n);\n\nexport 
function createPagina
tedResponse<T>(\n  
data: T[],\n  total: 
number,\n  page: 
number,\n  limit: 
number,\n) {\n  
return {\n    
data,\n    
pagination: {\n      
page,\n      
limit,\n      
total,\n      
totalPages: 
Math.ceil(total / 
limit),\n    },\n  
};\n}\n
[7m [0m [91m      
                     
                     
                     
                     
                     
                     
                     
                     
                     
                     
                     
                     
                     
                     
                     
                     
                     
                     
                     
                     
                     
                     
                     
                     
                     
                     
                     
                     
                     
                     
                     
                     
                     
                     
                     
                     
                     
                     
                     
                     
                     
                    
[0m
[96msrc/shared/decor
ators/pagination.deco
rator.ts[0m:[93m1[
0m:[93m896[0m - 
[91merror[0m[90m 
TS1127: [0mInvalid 
character.

[7m1[0m import { cr
eateParamDecorator, 
ExecutionContext } 
from '@nestjs/common'
;\nimport { 
PaginationParams } 
from '../interfaces/a
pi-response.interface
';\n\nexport const 
Pagination = createPa
ramDecorator(\n  
(data: unknown, ctx: 
ExecutionContext): 
PaginationParams => 
{\n    const request 
= ctx.switchToHttp().
getRequest();\n    
const { page = 1, 
limit = 10, sortBy, 
sortOrder = 'desc' } 
= request.query;\n\n 
   return {\n      
page: Math.max(1, 
parseInt(page as 
string, 10)),\n      
limit: Math.min(100, 
Math.max(1, 
parseInt(limit as 
string, 10))),\n     
 sortBy: sortBy as 
string,\n      
sortOrder: sortOrder 
as 'asc' | 'desc',\n 
   };\n  
},\n);\n\nexport 
function createPagina
tedResponse<T>(\n  
data: T[],\n  total: 
number,\n  page: 
number,\n  limit: 
number,\n) {\n  
return {\n    
data,\n    
pagination: {\n      
page,\n      
limit,\n      
total,\n      
totalPages: 
Math.ceil(total / 
limit),\n    },\n  
};\n}\n
[7m [0m [91m      
                     
                     
                     
                     
                     
                     
                     
                     
                     
                     
                     
                     
                     
                     
                     
                     
                     
                     
                     
                     
                     
                     
                     
                     
                     
                     
                     
                     
                     
                     
                     
                     
                     
                     
                     
                     
                     
                     
                     
                     
                     
                     
       [0m
Found 98 error(s).

[96msrc/shared/decor
ators/pagination.deco
rator.ts[0m:[93m1[
0m:[93m902[0m - 
[91merror[0m[90m 
TS1127: [0mInvalid 
character.

[7m1[0m import { cr
eateParamDecorator, 
ExecutionContext } 
from '@nestjs/common'
;\nimport { 
PaginationParams } 
from '../interfaces/a
pi-response.interface
';\n\nexport const 
Pagination = createPa
ramDecorator(\n  
(data: unknown, ctx: 
ExecutionContext): 
PaginationParams => 
{\n    const request 
= ctx.switchToHttp().
getRequest();\n    
const { page = 1, 
limit = 10, sortBy, 
sortOrder = 'desc' } 
= request.query;\n\n 
   return {\n      
page: Math.max(1, 
parseInt(page as 
string, 10)),\n      
limit: Math.min(100, 
Math.max(1, 
parseInt(limit as 
string, 10))),\n     
 sortBy: sortBy as 
string,\n      
sortOrder: sortOrder 
as 'asc' | 'desc',\n 
   };\n  
},\n);\n\nexport 
function createPagina
tedResponse<T>(\n  
data: T[],\n  total: 
number,\n  page: 
number,\n  limit: 
number,\n) {\n  
return {\n    
data,\n    
pagination: {\n      
page,\n      
limit,\n      
total,\n      
totalPages: 
Math.ceil(total / 
limit),\n    },\n  
};\n}\n
[7m [0m [91m      
                     
                     
                     
                     
                     
                     
                     
                     
                     
                     
                     
                     
                     
                     
                     
                     
                     
                     
                     
                     
                     
                     
                     
                     
                     
                     
                     
                     
                     
                     
                     
                     
                     
                     
                     
                     
                     
                     
                     
                     
                     
                     
             [0m
[96msrc/shared/decor
ators/pagination.deco
rator.ts[0m:[93m1[
0m:[93m905[0m - 
[91merror[0m[90m 
TS1127: [0mInvalid 
character.

[7m1[0m import { cr
eateParamDecorator, 
ExecutionContext } 
from '@nestjs/common'
;\nimport { 
PaginationParams } 
from '../interfaces/a
pi-response.interface
';\n\nexport const 
Pagination = createPa
ramDecorator(\n  
(data: unknown, ctx: 
ExecutionContext): 
PaginationParams => 
{\n    const request 
= ctx.switchToHttp().
getRequest();\n    
const { page = 1, 
limit = 10, sortBy, 
sortOrder = 'desc' } 
= request.query;\n\n 
   return {\n      
page: Math.max(1, 
parseInt(page as 
string, 10)),\n      
limit: Math.min(100, 
Math.max(1, 
parseInt(limit as 
string, 10))),\n     
 sortBy: sortBy as 
string,\n      
sortOrder: sortOrder 
as 'asc' | 'desc',\n 
   };\n  
},\n);\n\nexport 
function createPagina
tedResponse<T>(\n  
data: T[],\n  total: 
number,\n  page: 
number,\n  limit: 
number,\n) {\n  
return {\n    
data,\n    
pagination: {\n      
page,\n      
limit,\n      
total,\n      
totalPages: 
Math.ceil(total / 
limit),\n    },\n  
};\n}\n
[7m [0m [91m      
                     
                     
                     
                     
                     
                     
                     
                     
                     
                     
                     
                     
                     
                     
                     
                     
                     
                     
                     
                     
                     
                     
                     
                     
                     
                     
                     
                     
                     
                     
                     
                     
                     
                     
                     
                     
                     
                     
                     
                     
                     
                     
                [0m
[96msrc/shared/decor
ators/pagination.deco
rator.ts[0m:[93m1[
0m:[93m906[0m - 
[91merror[0m[90m 
TS2304: [0mCannot 
find name 'n'.

[7m1[0m import { cr
eateParamDecorator, 
ExecutionContext } 
from '@nestjs/common'
;\nimport { 
PaginationParams } 
from '../interfaces/a
pi-response.interface
';\n\nexport const 
Pagination = createPa
ramDecorator(\n  
(data: unknown, ctx: 
ExecutionContext): 
PaginationParams => 
{\n    const request 
= ctx.switchToHttp().
getRequest();\n    
const { page = 1, 
limit = 10, sortBy, 
sortOrder = 'desc' } 
= request.query;\n\n 
   return {\n      
page: Math.max(1, 
parseInt(page as 
string, 10)),\n      
limit: Math.min(100, 
Math.max(1, 
parseInt(limit as 
string, 10))),\n     
 sortBy: sortBy as 
string,\n      
sortOrder: sortOrder 
as 'asc' | 'desc',\n 
   };\n  
},\n);\n\nexport 
function createPagina
tedResponse<T>(\n  
data: T[],\n  total: 
number,\n  page: 
number,\n  limit: 
number,\n) {\n  
return {\n    
data,\n    
pagination: {\n      
page,\n      
limit,\n      
total,\n      
totalPages: 
Math.ceil(total / 
limit),\n    },\n  
};\n}\n
[7m [0m [91m      
                     
                     
                     
                     
                     
                     
                     
                     
                     
                     
                     
                     
                     
                     
                     
                     
                     
                     
                     
                     
                     
                     
                     
                     
                     
                     
                     
                     
                     
                     
                     
                     
                     
                     
                     
                     
                     
                     
                     
                     
                     
                     
                 
~[0m
[96msrc/shared/guard
s/custom-throttler.gu
ard.ts[0m:[93m7[0m
:[93m13[0m - 
[91merror[0m[90m 
TS2416: [0mProperty 
'getTracker' in type 
'CustomThrottlerGuard
' is not assignable 
to the same property 
in base type 
'ThrottlerGuard'.
  Type '(req: 
Record<string, any>) 
=> string' is not 
assignable to type 
'(req: 
Record<string, any>) 
=> Promise<string>'.
    Type 'string' is 
not assignable to 
type 
'Promise<string>'.

[7m7[0m   
protected 
getTracker(req: 
Record<string, 
any>): string {
[7m [0m [91m      
      ~~~~~~~~~~[0m

