
> code-ride@0.0.1 test:e2e
> jest --config ./test/jest-e2e.json test/vehicle-assignment.e2e-spec.ts

  console.log
    [2025-12-22T14:30:51.372Z] POST /

      at LoggingMiddleware.use (src/shared/middleware/logging.middleware.ts:8:13)

  console.log
    [2025-12-22T14:30:51.747Z] POST /

      at LoggingMiddleware.use (src/shared/middleware/logging.middleware.ts:8:13)

  console.log
    [2025-12-22T14:30:51.853Z] POST /

      at LoggingMiddleware.use (src/shared/middleware/logging.middleware.ts:8:13)

  console.log
    [2025-12-22T14:30:52.068Z] POST /

      at LoggingMiddleware.use (src/shared/middleware/logging.middleware.ts:8:13)

  console.log
    [2025-12-22T14:30:52.094Z] POST /

      at LoggingMiddleware.use (src/shared/middleware/logging.middleware.ts:8:13)

  console.log
    [2025-12-22T14:30:52.362Z] POST /

      at LoggingMiddleware.use (src/shared/middleware/logging.middleware.ts:8:13)

  console.log
    [2025-12-22T14:30:52.405Z] POST /

      at LoggingMiddleware.use (src/shared/middleware/logging.middleware.ts:8:13)

  console.log
    [2025-12-22T14:30:52.564Z] POST /

      at LoggingMiddleware.use (src/shared/middleware/logging.middleware.ts:8:13)

  console.log
    [2025-12-22T14:30:52.609Z] POST /

      at LoggingMiddleware.use (src/shared/middleware/logging.middleware.ts:8:13)

  console.log
    [2025-12-22T14:30:52.647Z] GET /

      at LoggingMiddleware.use (src/shared/middleware/logging.middleware.ts:8:13)

  console.log
    [2025-12-22T14:30:52.683Z] GET /

      at LoggingMiddleware.use (src/shared/middleware/logging.middleware.ts:8:13)

  console.log
    [2025-12-22T14:30:52.715Z] PUT /

      at LoggingMiddleware.use (src/shared/middleware/logging.middleware.ts:8:13)

node.exe : FAIL test/
vehicle-assignment.e2
e-spec.ts (5.25 s)
At C:\Program Files\n
odejs\npm.ps1:29 
char:3
+   & $NODE_EXE 
$NPM_CLI_JS $args
+   ~~~~~~~~~~~~~~~~~
~~~~~~~~~~~~
    + CategoryInfo   
           : NotSpe  
  cified: (FAIL te   
 st/vehic...pec.t    
s (5.25 s):Strin    
g) [], RemoteExc    
eption
    + FullyQualified 
   ErrorId : Native  
  CommandError
 
  VehicleAssignmentCo
ntroller (e2e)
    /api/vehicle-assi
gnment
      ├ù should 
create a new vehicle 
assignment (108 ms)
      ├ù should fail 
to assign an already 
assigned vehicle (44 
ms)
      ├ù should get 
assignments for a 
driver (40 ms)
      ├ù should get 
assignments for a 
vehicle (30 ms)
      ├ù should end 
a vehicle assignment 
(23 ms)

  ΓùÅ VehicleAssignme
ntController (e2e) 
ΓÇ║ /api/vehicle-assi
gnment ΓÇ║ should 
create a new vehicle 
assignment

    expected 201 
"Created", got 400 
"Bad Request"

    [0m [90m 115 
|[39m         [33m.
[39mpost([32m'/api/
vehicle-assignment'[
39m)
     [90m 116 
|[39m         [33m.
[39msend(assignmentD
ata)
    [31m[1m>[22m[
39m[90m 117 |[39m  
       [33m.[39mexp
ect([35m201[39m)[3
3m;[39m
     [90m     
|[39m          
[31m[1m^[22m[39m
     [90m 118 |[39m
     [90m 119 
|[39m       expect(r
esponse[33m.[39mbod
y[33m.[39msucceeded
)[33m.[39mtoBe([36
mtrue[39m)[33m;[39
m
     [90m 120 
|[39m       
assignmentId 
[33m=[39m response
[33m.[39mbody[33m.
[39mresultData[33m.
[39mid[33m;[39m[0m

      at 
Object.<anonymous> (t
est/vehicle-assignmen
t.e2e-spec.ts:117:10)
      ----
      at 
Test._assertStatus (n
ode_modules/supertest
/lib/test.js:309:14)
      at node_modules
/supertest/lib/test.j
s:365:13
      at 
Test._assertFunction 
(node_modules/superte
st/lib/test.js:342:13
)
      at Test.assert 
(node_modules/superte
st/lib/test.js:195:23
)
      at localAssert 
(node_modules/superte
st/lib/test.js:138:14
)
      at 
Server.<anonymous> (n
ode_modules/supertest
/lib/test.js:152:11)

  ΓùÅ VehicleAssignme
ntController (e2e) 
ΓÇ║ /api/vehicle-assi
gnment ΓÇ║ should 
fail to assign an 
already assigned 
vehicle

    expected 409 
"Conflict", got 400 
"Bad Request"

    [0m [90m 133 
|[39m         [33m.
[39mpost([32m'/api/
vehicle-assignment'[
39m)
     [90m 134 
|[39m         [33m.
[39msend(assignmentD
ata)
    [31m[1m>[22m[
39m[90m 135 |[39m  
       [33m.[39mexp
ect([35m409[39m)[3
3m;[39m [90m// 
Conflict, or another 
appropriate error 
code[39m
     [90m     
|[39m          
[31m[1m^[22m[39m
     [90m 136 
|[39m     
})[33m;[39m
     [90m 137 |[39m
     [90m 138 
|[39m     
it([32m'should get 
assignments for a dri
ver'[39m[33m,[39m 
[36masync[39m () 
[33m=>[39m {[0m

      at 
Object.<anonymous> (t
est/vehicle-assignmen
t.e2e-spec.ts:135:10)
      ----
      at 
Test._assertStatus (n
ode_modules/supertest
/lib/test.js:309:14)
      at node_modules
/supertest/lib/test.j
s:365:13
      at 
Test._assertFunction 
(node_modules/superte
st/lib/test.js:342:13
)
      at Test.assert 
(node_modules/superte
st/lib/test.js:195:23
)
      at localAssert 
(node_modules/superte
st/lib/test.js:138:14
)
      at 
Server.<anonymous> (n
ode_modules/supertest
/lib/test.js:152:11)

  ΓùÅ VehicleAssignme
ntController (e2e) 
ΓÇ║ /api/vehicle-assi
gnment ΓÇ║ should 
get assignments for 
a driver

    expect(received).
toBeGreaterThan(expec
ted)

    Expected: > 0
    Received:   0

    [0m [90m 142 
|[39m
     [90m 143 
|[39m       expect(
[33mArray[39m[33m.
[39misArray(response
[33m.[39mbody[33m.
[39mresultData))[33m
.[39mtoBe([36mtrue
[39m)[33m;[39m
    [31m[1m>[22m[
39m[90m 144 |[39m  
     expect(response
[33m.[39mbody[33m.
[39mresultData[33m.
[39mlength)[33m.[39
mtoBeGreaterThan([35
m0[39m)[33m;[39m
     [90m     
|[39m               
                     
           
[31m[1m^[22m[39m
     [90m 145 
|[39m     
})[33m;[39m
     [90m 146 |[39m
     [90m 147 
|[39m     
it([32m'should get 
assignments for a veh
icle'[39m[33m,[39m
 [36masync[39m () 
[33m=>[39m {[0m

      at 
Object.<anonymous> (t
est/vehicle-assignmen
t.e2e-spec.ts:144:47)

  ΓùÅ VehicleAssignme
ntController (e2e) 
ΓÇ║ /api/vehicle-assi
gnment ΓÇ║ should 
get assignments for 
a vehicle

    expect(received).
toBeGreaterThan(expec
ted)

    Expected: > 0
    Received:   0

    [0m [90m 151 
|[39m
     [90m 152 
|[39m       expect(
[33mArray[39m[33m.
[39misArray(response
[33m.[39mbody[33m.
[39mresultData))[33m
.[39mtoBe([36mtrue
[39m)[33m;[39m
    [31m[1m>[22m[
39m[90m 153 |[39m  
     expect(response
[33m.[39mbody[33m.
[39mresultData[33m.
[39mlength)[33m.[39
mtoBeGreaterThan([35
m0[39m)[33m;[39m
     [90m     
|[39m               
                     
           
[31m[1m^[22m[39m
     [90m 154 
|[39m     
})[33m;[39m
     [90m 155 |[39m
     [90m 156 
|[39m     
it([32m'should end 
a vehicle assignment'
[39m[33m,[39m 
[36masync[39m () 
[33m=>[39m {[0m

      at 
Object.<anonymous> (t
est/vehicle-assignmen
t.e2e-spec.ts:153:47)

  ΓùÅ VehicleAssignme
ntController (e2e) 
ΓÇ║ /api/vehicle-assi
gnment ΓÇ║ should 
end a vehicle 
assignment

    expected 200 
"OK", got 404 "Not 
Found"

    [0m [90m 158 
|[39m         [33m.
[39mput([32m`/api/v
ehicle-assignment/${a
ssignmentId}/end`[39
m)
     [90m 159 
|[39m         
[33m.[39msend({ ret
urnDate[33m:[39m 
[36mnew[39m 
[33mDate[39m() })
    [31m[1m>[22m[
39m[90m 160 |[39m  
       [33m.[39mexp
ect([35m200[39m)[3
3m;[39m
     [90m     
|[39m          
[31m[1m^[22m[39m
     [90m 161 |[39m
     [90m 162 
|[39m       expect(r
esponse[33m.[39mbod
y[33m.[39msucceeded
)[33m.[39mtoBe([36
mtrue[39m)[33m;[39
m
     [90m 163 
|[39m       expect(r
esponse[33m.[39mbod
y[33m.[39mresultDat
a[33m.[39mreturnDat
e)[33m.[39mtoBeDefi
ned()[33m;[39m[0m

      at 
Object.<anonymous> (t
est/vehicle-assignmen
t.e2e-spec.ts:160:10)
      ----
      at 
Test._assertStatus (n
ode_modules/supertest
/lib/test.js:309:14)
      at node_modules
/supertest/lib/test.j
s:365:13
      at 
Test._assertFunction 
(node_modules/superte
st/lib/test.js:342:13
)
      at Test.assert 
(node_modules/superte
st/lib/test.js:195:23
)
      at localAssert 
(node_modules/superte
st/lib/test.js:138:14
)
      at 
Server.<anonymous> (n
ode_modules/supertest
/lib/test.js:152:11)

Test Suites: 1 
failed, 1 total
Tests:       5 
failed, 5 total
Snapshots:   0 total
Time:        6.103 
s, estimated 9 s
Ran all test suites 
matching test/vehicle
-assignment.e2e-spec.
ts.
